Archive member included to satisfy reference by file (symbol)

app/libapp.a(main.c.obj)      (--whole-archive)
zephyr/libzephyr.a(heap.c.obj)
                              (--whole-archive)
zephyr/libzephyr.a(cbprintf_packaged.c.obj)
                              (--whole-archive)
zephyr/libzephyr.a(printk.c.obj)
                              (--whole-archive)
zephyr/libzephyr.a(sem.c.obj)
                              (--whole-archive)
zephyr/libzephyr.a(thread_entry.c.obj)
                              (--whole-archive)
zephyr/libzephyr.a(cbprintf_complete.c.obj)
                              (--whole-archive)
zephyr/libzephyr.a(assert.c.obj)
                              (--whole-archive)
zephyr/libzephyr.a(reboot.c.obj)
                              (--whole-archive)
zephyr/libzephyr.a(dec.c.obj)
                              (--whole-archive)
zephyr/libzephyr.a(hex.c.obj)
                              (--whole-archive)
zephyr/libzephyr.a(rb.c.obj)  (--whole-archive)
zephyr/libzephyr.a(timeutil.c.obj)
                              (--whole-archive)
zephyr/libzephyr.a(bitarray.c.obj)
                              (--whole-archive)
zephyr/libzephyr.a(configs.c.obj)
                              (--whole-archive)
zephyr/libzephyr.a(stm32cube_hal.c.obj)
                              (--whole-archive)
zephyr/libzephyr.a(soc_config.c.obj)
                              (--whole-archive)
zephyr/libzephyr.a(soc.c.obj)
                              (--whole-archive)
zephyr/libzephyr.a(mem_attr.c.obj)
                              (--whole-archive)
zephyr/libzephyr.a(tracing_none.c.obj)
                              (--whole-archive)
zephyr/arch/common/libarch__common.a(sw_isr_common.c.obj)
                              (--whole-archive)
zephyr/arch/arch/arm/core/libarch__arm__core.a(fatal.c.obj)
                              (--whole-archive)
zephyr/arch/arch/arm/core/libarch__arm__core.a(nmi.c.obj)
                              (--whole-archive)
zephyr/arch/arch/arm/core/libarch__arm__core.a(nmi_on_reset.S.obj)
                              (--whole-archive)
zephyr/arch/arch/arm/core/libarch__arm__core.a(tls.c.obj)
                              (--whole-archive)
zephyr/arch/arch/arm/core/cortex_m/libarch__arm__core__cortex_m.a(exc_exit.c.obj)
                              (--whole-archive)
zephyr/arch/arch/arm/core/cortex_m/libarch__arm__core__cortex_m.a(fault.c.obj)
                              (--whole-archive)
zephyr/arch/arch/arm/core/cortex_m/libarch__arm__core__cortex_m.a(fault_s.S.obj)
                              (--whole-archive)
zephyr/arch/arch/arm/core/cortex_m/libarch__arm__core__cortex_m.a(fpu.c.obj)
                              (--whole-archive)
zephyr/arch/arch/arm/core/cortex_m/libarch__arm__core__cortex_m.a(reset.S.obj)
                              (--whole-archive)
zephyr/arch/arch/arm/core/cortex_m/libarch__arm__core__cortex_m.a(scb.c.obj)
                              (--whole-archive)
zephyr/arch/arch/arm/core/cortex_m/libarch__arm__core__cortex_m.a(thread_abort.c.obj)
                              (--whole-archive)
zephyr/arch/arch/arm/core/cortex_m/libarch__arm__core__cortex_m.a(vector_table.S.obj)
                              (--whole-archive)
zephyr/arch/arch/arm/core/cortex_m/libarch__arm__core__cortex_m.a(swap.c.obj)
                              (--whole-archive)
zephyr/arch/arch/arm/core/cortex_m/libarch__arm__core__cortex_m.a(swap_helper.S.obj)
                              (--whole-archive)
zephyr/arch/arch/arm/core/cortex_m/libarch__arm__core__cortex_m.a(irq_manage.c.obj)
                              (--whole-archive)
zephyr/arch/arch/arm/core/cortex_m/libarch__arm__core__cortex_m.a(prep_c.c.obj)
                              (--whole-archive)
zephyr/arch/arch/arm/core/cortex_m/libarch__arm__core__cortex_m.a(thread.c.obj)
                              (--whole-archive)
zephyr/arch/arch/arm/core/cortex_m/libarch__arm__core__cortex_m.a(cpu_idle.c.obj)
                              (--whole-archive)
zephyr/arch/arch/arm/core/cortex_m/libarch__arm__core__cortex_m.a(irq_init.c.obj)
                              (--whole-archive)
zephyr/arch/arch/arm/core/cortex_m/libarch__arm__core__cortex_m.a(isr_wrapper.c.obj)
                              (--whole-archive)
zephyr/arch/arch/arm/core/cortex_m/libarch__arm__core__cortex_m.a(__aeabi_read_tp.S.obj)
                              (--whole-archive)
zephyr/arch/arch/arm/core/mpu/libarch__arm__core__mpu.a(arm_core_mpu.c.obj)
                              (--whole-archive)
zephyr/arch/arch/arm/core/mpu/libarch__arm__core__mpu.a(arm_mpu.c.obj)
                              (--whole-archive)
zephyr/arch/arch/arm/core/mpu/libarch__arm__core__mpu.a(arm_mpu_regions.c.obj)
                              (--whole-archive)
zephyr/lib/libc/picolibc/liblib__libc__picolibc.a(libc-hooks.c.obj)
                              (--whole-archive)
zephyr/lib/libc/common/liblib__libc__common.a(abort.c.obj)
                              (--whole-archive)
[...]
Memory Configuration

Name             Origin             Length             Attributes
FLASH            0x0000000008000000 0x0000000000100000 xr
RAM              0x0000000020010000 0x0000000000040000 xw
QSPI_PLACEHOLDER 0x0000000090000000 0x0000000010000000
SRAM0            0x0000000020010000 0x0000000000040000
DTCM             0x0000000020000000 0x0000000000010000
SDRAM1           0x00000000c0000000 0x0000000001000000
IDT_LIST         0x00000000ffff7fff 0x0000000000008000 xw
*default*        0x0000000000000000 0xffffffffffffffff

Linker script and memory map

                0x0000000008002e18                vfprintf = __l_vfprintf
                0x0000000000000000                vfscanf = __l_vfscanf
LOAD zephyr/CMakeFiles/zephyr_pre0.dir/misc/empty_file.c.obj
LOAD zephyr/CMakeFiles/offsets.dir/./arch/arm/core/offsets/offsets.c.obj
LOAD app/libapp.a
LOAD zephyr/libzephyr.a
LOAD zephyr/arch/common/libarch__common.a
LOAD zephyr/arch/arch/arm/core/libarch__arm__core.a
LOAD zephyr/arch/arch/arm/core/cortex_m/libarch__arm__core__cortex_m.a
LOAD zephyr/arch/arch/arm/core/mpu/libarch__arm__core__mpu.a
LOAD zephyr/lib/libc/picolibc/liblib__libc__picolibc.a
LOAD zephyr/lib/libc/common/liblib__libc__common.a
LOAD zephyr/drivers/interrupt_controller/libdrivers__interrupt_controller.a
LOAD zephyr/drivers/clock_control/libdrivers__clock_control.a
LOAD zephyr/drivers/console/libdrivers__console.a
LOAD zephyr/drivers/gpio/libdrivers__gpio.a
LOAD zephyr/drivers/pinctrl/libdrivers__pinctrl.a
LOAD zephyr/drivers/reset/libdrivers__reset.a
LOAD zephyr/drivers/serial/libdrivers__serial.a
LOAD zephyr/drivers/timer/libdrivers__timer.a
LOAD modules/hal_stm32/stm32cube/lib..__modules__hal__stm32__stm32cube.a
LOAD zephyr/kernel/libkernel.a
LOAD zephyr/arch/common/libisr_tables.a
LOAD c:\users\asus\zephyr-sdk-0.17.0\arm-zephyr-eabi\bin\../lib/gcc/../../picolibc/arm-zephyr-eabi/lib/thumb/v7e-m/nofp\libc.a
LOAD c:/users/asus/zephyr-sdk-0.17.0/arm-zephyr-eabi/bin/../lib/gcc/arm-zephyr-eabi/12.2.0/thumb/v7e-m/nofp\libgcc.a
                0x0000000000000020                _region_min_align = 0x20

.rel.plt        0x0000000008000000        0x0
 *(SORT_BY_ALIGNMENT(.rel.plt))
                [!provide]                        PROVIDE (__rel_iplt_start = .)
 *(SORT_BY_ALIGNMENT(.rel.iplt))
 .rel.iplt      0x0000000008000000        0x0 app/libapp.a(main.c.obj)
                [!provide]                        PROVIDE (__rel_iplt_end = .)

.rela.plt       0x0000000000000000        0x0
 *(SORT_BY_ALIGNMENT(.rela.plt))
                [!provide]                        PROVIDE (__rela_iplt_start = .)
 *(SORT_BY_ALIGNMENT(.rela.iplt))
                [!provide]                        PROVIDE (__rela_iplt_end = .)

.rel.dyn
 *(SORT_BY_ALIGNMENT(.rel.*))

.rela.dyn
 *(SORT_BY_ALIGNMENT(.rela.*))

/DISCARD/
 *(SORT_BY_ALIGNMENT(.plt))

/DISCARD/
 *(SORT_BY_ALIGNMENT(.iplt))
                0x0000000008000000                __rom_region_start = 0x8000000

rom_start       0x0000000008000000      0x1c8
                0x0000000008000000                __rom_start_address = .
 FILL mask 0x00
                0x0000000008000000                . = (. + (0x0 - (. - __rom_start_address)))
                0x0000000008000000                . = ALIGN (0x4)
                0x0000000008000000                . = ALIGN (0x80)
                0x0000000008000000                . = ALIGN (0x200)
                0x0000000008000000                _vector_start = .
 *(SORT_BY_ALIGNMENT(.exc_vector_table))
 *(SORT_BY_ALIGNMENT(.exc_vector_table.*))
 .exc_vector_table._vector_table_section
                0x0000000008000000       0x40 zephyr/arch/arch/arm/core/cortex_m/libarch__arm__core__cortex_m.a(vector_table.S.obj)
                0x0000000008000000                _vector_table
 *(SORT_BY_ALIGNMENT(.vectors))
                0x00000000080001c8                _vector_end = .
                0x0000000008000040                . = ALIGN (0x4)
 *(SORT_BY_ALIGNMENT(.gnu.linkonce.irq_vector_table*))
 .gnu.linkonce.irq_vector_table
                0x0000000008000040      0x188 zephyr/arch/common/libisr_tables.a(isr_tables.c.obj)
                0x0000000008000040                _irq_vector_table
                0x00000000080001c8                _vector_end = .

text            0x00000000080001c8     0x3e70
                0x00000000080001c8                __text_region_start = .
 *(SORT_BY_ALIGNMENT(.text))
 .text          0x00000000080001c8       0x30 c:/users/asus/zephyr-sdk-0.17.0/arm-zephyr-eabi/bin/../lib/gcc/arm-zephyr-eabi/12.2.0/thumb/v7e-m/nofp\libgcc.a(_aeabi_uldivmod.o)
                0x00000000080001c8                __aeabi_uldivmod
 .text          0x00000000080001f8        0x4 c:/users/asus/zephyr-sdk-0.17.0/arm-zephyr-eabi/bin/../lib/gcc/arm-zephyr-eabi/12.2.0/thumb/v7e-m/nofp\libgcc.a(_dvmd_tls.o)
                0x00000000080001f8                __aeabi_idiv0
                0x00000000080001f8                __aeabi_ldiv0
 .text          0x00000000080001fc       0x10 c:\users\asus\zephyr-sdk-0.17.0\arm-zephyr-eabi\bin\../lib/gcc/../../picolibc/arm-zephyr-eabi/lib/thumb/v7e-m/nofp\libc.a(strlen.S.o)
                0x00000000080001fc                strlen
 .text          0x000000000800020c      0x2a0 c:/users/asus/zephyr-sdk-0.17.0/arm-zephyr-eabi/bin/../lib/gcc/arm-zephyr-eabi/12.2.0/thumb/v7e-m/nofp\libgcc.a(_udivmoddi4.o)
                0x000000000800020c                __udivmoddi4
 *(SORT_BY_ALIGNMENT(.text.*))
 .text.getmsg   0x00000000080004ac       0xa8 app/libapp.a(main.c.obj)
                0x00000000080004ac                getmsg
 .text.gpio_pin_set_dt.constprop.0.isra.0
                0x0000000008000554       0x24 app/libapp.a(main.c.obj)
 .text.prt_uart
                0x0000000008000578       0x60 app/libapp.a(main.c.obj)
                0x0000000008000578                prt_uart
 .text.sendmsg  0x00000000080005d8        0xc app/libapp.a(main.c.obj)
                0x00000000080005d8                sendmsg
 .text.main     0x00000000080005e4       0x74 app/libapp.a(main.c.obj)
                0x00000000080005e4                main
 .text.char_out
                0x0000000008000658        0xc zephyr/libzephyr.a(printk.c.obj)
 .text.__printk_hook_install
                0x0000000008000664        0xc zephyr/libzephyr.a(printk.c.obj)
                0x0000000008000664                __printk_hook_install
 .text.vprintk  0x0000000008000670       0x30 zephyr/libzephyr.a(printk.c.obj)
                0x0000000008000670                vprintk
 .text.z_thread_entry
                0x00000000080006a0       0x34 zephyr/libzephyr.a(thread_entry.c.obj)
                0x00000000080006a0                z_thread_entry
 .text.st_stm32_common_config
                0x00000000080006d4       0x14 zephyr/libzephyr.a(soc_config.c.obj)
 .text.soc_early_init_hook
                0x00000000080006e8       0x28 zephyr/libzephyr.a(soc.c.obj)
                0x00000000080006e8                soc_early_init_hook
 .text.mem_attr_get_regions
                0x0000000008000710        0xc zephyr/libzephyr.a(mem_attr.c.obj)
                0x0000000008000710                mem_attr_get_regions
 .text.z_arm_nmi
                0x000000000800071c       0x14 zephyr/arch/arch/arm/core/libarch__arm__core.a(nmi.c.obj)
                0x000000000800071c                z_arm_nmi
 .text.z_SysNmiOnReset
                0x0000000008000730        0x8 zephyr/arch/arch/arm/core/libarch__arm__core.a(nmi_on_reset.S.obj)
                0x0000000008000730                z_SysNmiOnReset
 .text.arch_tls_stack_setup
                0x0000000008000738       0x40 zephyr/arch/arch/arm/core/libarch__arm__core.a(tls.c.obj)
                0x0000000008000738                arch_tls_stack_setup
 .text._HandlerModeExit
                0x0000000008000778       0x28 zephyr/arch/arch/arm/core/cortex_m/libarch__arm__core__cortex_m.a(exc_exit.c.obj)
                0x0000000008000778                z_arm_int_exit
                0x0000000008000778                z_arm_exc_exit
 .text.mem_manage_fault
                0x00000000080007a0       0xa0 zephyr/arch/arch/arm/core/cortex_m/libarch__arm__core__cortex_m.a(fault.c.obj)
 .text.usage_fault.constprop.0
                0x0000000008000840       0x54 zephyr/arch/arch/arm/core/cortex_m/libarch__arm__core__cortex_m.a(fault.c.obj)
 .text.bus_fault.constprop.0
                0x0000000008000894       0x6c zephyr/arch/arch/arm/core/cortex_m/libarch__arm__core__cortex_m.a(fault.c.obj)
 .text.z_arm_fault
                0x0000000008000900      0x128 zephyr/arch/arch/arm/core/cortex_m/libarch__arm__core__cortex_m.a(fault.c.obj)
                0x0000000008000900                z_arm_fault
 .text.z_arm_fault_init
                0x0000000008000a28       0x18 zephyr/arch/arch/arm/core/cortex_m/libarch__arm__core__cortex_m.a(fault.c.obj)
                0x0000000008000a28                z_arm_fault_init
 .text.__fault  0x0000000008000a40       0x14 zephyr/arch/arch/arm/core/cortex_m/libarch__arm__core__cortex_m.a(fault_s.S.obj)
                0x0000000008000a40                z_arm_usage_fault
                0x0000000008000a40                z_arm_mpu_fault
                0x0000000008000a40                z_arm_exc_spurious
                0x0000000008000a40                z_arm_debug_monitor
                0x0000000008000a40                z_arm_hard_fault
                0x0000000008000a40                z_arm_bus_fault
 .text._reset_section
                0x0000000008000a54       0x2c zephyr/arch/arch/arm/core/cortex_m/libarch__arm__core__cortex_m.a(reset.S.obj)
                0x0000000008000a54                __start
                0x0000000008000a54                z_arm_reset
 .text.z_impl_k_thread_abort
                0x0000000008000a80       0x2c zephyr/arch/arch/arm/core/cortex_m/libarch__arm__core__cortex_m.a(thread_abort.c.obj)
                0x0000000008000a80                z_impl_k_thread_abort
 .text.arch_swap
                0x0000000008000aac       0x30 zephyr/arch/arch/arm/core/cortex_m/libarch__arm__core__cortex_m.a(swap.c.obj)
                0x0000000008000aac                arch_swap
 .text.z_arm_pendsv
                0x0000000008000adc       0x64 zephyr/arch/arch/arm/core/cortex_m/libarch__arm__core__cortex_m.a(swap_helper.S.obj)
                0x0000000008000adc                z_arm_pendsv
 .text.z_arm_svc
                0x0000000008000b40       0x24 zephyr/arch/arch/arm/core/cortex_m/libarch__arm__core__cortex_m.a(swap_helper.S.obj)
                0x0000000008000b40                z_arm_svc
 .text.arch_irq_enable
                0x0000000008000b64       0x1c zephyr/arch/arch/arm/core/cortex_m/libarch__arm__core__cortex_m.a(irq_manage.c.obj)
                0x0000000008000b64                arch_irq_enable
 .text.z_arm_irq_priority_set
                0x0000000008000b80       0x2c zephyr/arch/arch/arm/core/cortex_m/libarch__arm__core__cortex_m.a(irq_manage.c.obj)
                0x0000000008000b80                z_arm_irq_priority_set
 .text.z_prep_c
                0x0000000008000bac       0x48 zephyr/arch/arch/arm/core/cortex_m/libarch__arm__core__cortex_m.a(prep_c.c.obj)
                0x0000000008000bac                z_prep_c
 .text.arch_new_thread
                0x0000000008000bf4       0x2c zephyr/arch/arch/arm/core/cortex_m/libarch__arm__core__cortex_m.a(thread.c.obj)
                0x0000000008000bf4                arch_new_thread
 .text.z_check_thread_stack_fail
                0x0000000008000c20       0x2c zephyr/arch/arch/arm/core/cortex_m/libarch__arm__core__cortex_m.a(thread.c.obj)
                0x0000000008000c20                z_check_thread_stack_fail
 .text.arch_switch_to_main_thread
                0x0000000008000c4c       0x44 zephyr/arch/arch/arm/core/cortex_m/libarch__arm__core__cortex_m.a(thread.c.obj)
                0x0000000008000c4c                arch_switch_to_main_thread
 .text.z_arm_cpu_idle_init
                0x0000000008000c90        0xc zephyr/arch/arch/arm/core/cortex_m/libarch__arm__core__cortex_m.a(cpu_idle.c.obj)
                0x0000000008000c90                z_arm_cpu_idle_init
 .text.z_arm_interrupt_init
                0x0000000008000c9c       0x18 zephyr/arch/arch/arm/core/cortex_m/libarch__arm__core__cortex_m.a(irq_init.c.obj)
                0x0000000008000c9c                z_arm_interrupt_init
 .text._isr_wrapper
                0x0000000008000cb4       0x24 zephyr/arch/arch/arm/core/cortex_m/libarch__arm__core__cortex_m.a(isr_wrapper.c.obj)
                0x0000000008000cb4                _isr_wrapper
 .text.z_arm_configure_static_mpu_regions
                0x0000000008000cd8       0x18 zephyr/arch/arch/arm/core/mpu/libarch__arm__core__mpu.a(arm_core_mpu.c.obj)
                0x0000000008000cd8                z_arm_configure_static_mpu_regions
 .text.z_arm_configure_dynamic_mpu_regions
                0x0000000008000cf0       0x20 zephyr/arch/arch/arm/core/mpu/libarch__arm__core__mpu.a(arm_core_mpu.c.obj)
                0x0000000008000cf0                z_arm_configure_dynamic_mpu_regions
 .text.region_init
                0x0000000008000d10       0x28 zephyr/arch/arch/arm/core/mpu/libarch__arm__core__mpu.a(arm_mpu.c.obj)
 .text.mpu_configure_regions
                0x0000000008000d38       0x6c zephyr/arch/arch/arm/core/mpu/libarch__arm__core__mpu.a(arm_mpu.c.obj)
 .text.arm_core_mpu_enable
                0x0000000008000da4       0x18 zephyr/arch/arch/arm/core/mpu/libarch__arm__core__mpu.a(arm_mpu.c.obj)
                0x0000000008000da4                arm_core_mpu_enable
 .text.arm_core_mpu_disable
                0x0000000008000dbc       0x14 zephyr/arch/arch/arm/core/mpu/libarch__arm__core__mpu.a(arm_mpu.c.obj)
                0x0000000008000dbc                arm_core_mpu_disable
 .text.arm_core_mpu_configure_static_mpu_regions
                0x0000000008000dd0       0x14 zephyr/arch/arch/arm/core/mpu/libarch__arm__core__mpu.a(arm_mpu.c.obj)
                0x0000000008000dd0                arm_core_mpu_configure_static_mpu_regions
 .text.arm_core_mpu_configure_dynamic_mpu_regions
                0x0000000008000de4       0x38 zephyr/arch/arch/arm/core/mpu/libarch__arm__core__mpu.a(arm_mpu.c.obj)
                0x0000000008000de4                arm_core_mpu_configure_dynamic_mpu_regions
 .text.z_arm_mpu_init
                0x0000000008000e1c      0x168 zephyr/arch/arch/arm/core/mpu/libarch__arm__core__mpu.a(arm_mpu.c.obj)
                0x0000000008000e1c                z_arm_mpu_init
 .text.z_impl_zephyr_fputc
                0x0000000008000f84       0x10 zephyr/lib/libc/picolibc/liblib__libc__picolibc.a(libc-hooks.c.obj)
                0x0000000008000f84                z_impl_zephyr_fputc
 .text.__stdout_hook_install
                0x0000000008000f94       0x18 zephyr/lib/libc/picolibc/liblib__libc__picolibc.a(libc-hooks.c.obj)
                0x0000000008000f94                __stdout_hook_install
 .text.malloc_prepare
                0x0000000008000fac       0x24 zephyr/lib/libc/common/liblib__libc__common.a(malloc.c.obj)
 .text.stm32_exti_isr
                0x0000000008000fd0       0x50 zephyr/drivers/interrupt_controller/libdrivers__interrupt_controller.a(intc_exti_stm32.c.obj)
 .text.stm32_fill_irq_table
                0x0000000008001020       0x18 zephyr/drivers/interrupt_controller/libdrivers__interrupt_controller.a(intc_exti_stm32.c.obj)
 .text.stm32_exti_init
                0x0000000008001038       0xb4 zephyr/drivers/interrupt_controller/libdrivers__interrupt_controller.a(intc_exti_stm32.c.obj)
 .text.stm32_gpio_intc_enable_line
                0x00000000080010ec       0x2c zephyr/drivers/interrupt_controller/libdrivers__interrupt_controller.a(intc_exti_stm32.c.obj)
                0x00000000080010ec                stm32_gpio_intc_enable_line
 .text.stm32_gpio_intc_disable_line
                0x0000000008001118       0x10 zephyr/drivers/interrupt_controller/libdrivers__interrupt_controller.a(intc_exti_stm32.c.obj)
                0x0000000008001118                stm32_gpio_intc_disable_line
 .text.stm32_gpio_intc_select_line_trigger
                0x0000000008001128       0x50 zephyr/drivers/interrupt_controller/libdrivers__interrupt_controller.a(intc_exti_stm32.c.obj)
                0x0000000008001128                stm32_gpio_intc_select_line_trigger
 .text.stm32_gpio_intc_set_irq_callback
                0x0000000008001178       0x40 zephyr/drivers/interrupt_controller/libdrivers__interrupt_controller.a(intc_exti_stm32.c.obj)
                0x0000000008001178                stm32_gpio_intc_set_irq_callback
 .text.stm32_gpio_intc_remove_irq_callback
                0x00000000080011b8       0x24 zephyr/drivers/interrupt_controller/libdrivers__interrupt_controller.a(intc_exti_stm32.c.obj)
                0x00000000080011b8                stm32_gpio_intc_remove_irq_callback
 .text.stm32_exti_get_line_src_port
                0x00000000080011dc       0x30 zephyr/drivers/interrupt_controller/libdrivers__interrupt_controller.a(intc_exti_stm32.c.obj)
                0x00000000080011dc                stm32_exti_get_line_src_port
 .text.stm32_clock_control_get_subsys_rate
                0x000000000800120c       0x90 zephyr/drivers/clock_control/libdrivers__clock_control.a(clock_stm32_ll_common.c.obj)
 .text.stm32_clock_control_init
                0x000000000800129c      0x11c zephyr/drivers/clock_control/libdrivers__clock_control.a(clock_stm32_ll_common.c.obj)
                0x000000000800129c                stm32_clock_control_init
 .text.get_pllsrc_frequency
                0x00000000080013b8        0x8 zephyr/drivers/clock_control/libdrivers__clock_control.a(clock_stm32f2_f4_f7.c.obj)
                0x00000000080013b8                get_pllsrc_frequency
 .text.config_pll_sysclock
                0x00000000080013c0       0x4c zephyr/drivers/clock_control/libdrivers__clock_control.a(clock_stm32f2_f4_f7.c.obj)
                0x00000000080013c0                config_pll_sysclock
 .text.config_enable_default_clocks
                0x000000000800140c       0x20 zephyr/drivers/clock_control/libdrivers__clock_control.a(clock_stm32f2_f4_f7.c.obj)
                0x000000000800140c                config_enable_default_clocks
 .text.uart_console_init
                0x000000000800142c       0x28 zephyr/drivers/console/libdrivers__console.a(uart_console.c.obj)
 .text.console_out
                0x0000000008001454       0x28 zephyr/drivers/console/libdrivers__console.a(uart_console.c.obj)
 .text.gpio_stm32_pin_interrupt_configure
                0x000000000800147c       0xb0 zephyr/drivers/gpio/libdrivers__gpio.a(gpio_stm32.c.obj)
 .text.gpio_stm32_init
                0x000000000800152c       0x30 zephyr/drivers/gpio/libdrivers__gpio.a(gpio_stm32.c.obj)
 .text.pinctrl_configure_pins
                0x000000000800155c       0x84 zephyr/drivers/pinctrl/libdrivers__pinctrl.a(pinctrl_stm32.c.obj)
                0x000000000800155c                pinctrl_configure_pins
 .text.uart_stm32_irq_err_enable
                0x00000000080015e0       0x78 zephyr/drivers/serial/libdrivers__serial.a(uart_stm32.c.obj)
 .text.uart_stm32_irq_err_disable
                0x0000000008001658       0x78 zephyr/drivers/serial/libdrivers__serial.a(uart_stm32.c.obj)
 .text.uart_stm32_parameters_set
                0x00000000080016d0      0x134 zephyr/drivers/serial/libdrivers__serial.a(uart_stm32.c.obj)
 .text.uart_stm32_init
                0x0000000008001804      0x158 zephyr/drivers/serial/libdrivers__serial.a(uart_stm32.c.obj)
 .text.uart_stm32_configure
                0x000000000800195c      0x160 zephyr/drivers/serial/libdrivers__serial.a(uart_stm32.c.obj)
 .text.elapsed  0x0000000008001abc       0x4c zephyr/drivers/timer/libdrivers__timer.a(cortex_m_systick.c.obj)
 .text.sys_clock_driver_init
                0x0000000008001b08       0x38 zephyr/drivers/timer/libdrivers__timer.a(cortex_m_systick.c.obj)
 .text.sys_clock_isr
                0x0000000008001b40       0x60 zephyr/drivers/timer/libdrivers__timer.a(cortex_m_systick.c.obj)
                0x0000000008001b40                sys_clock_isr
 .text.sys_clock_set_timeout
                0x0000000008001ba0       0xfc zephyr/drivers/timer/libdrivers__timer.a(cortex_m_systick.c.obj)
                0x0000000008001ba0                sys_clock_set_timeout
 .text.sys_clock_elapsed
                0x0000000008001c9c       0x3c zephyr/drivers/timer/libdrivers__timer.a(cortex_m_systick.c.obj)
                0x0000000008001c9c                sys_clock_elapsed
 .text.HAL_RCC_GetSysClockFreq
                0x0000000008001cd8       0x5c modules/hal_stm32/stm32cube/lib..__modules__hal__stm32__stm32cube.a(stm32f7xx_hal_rcc.c.obj)
                0x0000000008001cd8                HAL_RCC_GetSysClockFreq
 .text.LL_SetFlashLatency
                0x0000000008001d34       0xe0 modules/hal_stm32/stm32cube/lib..__modules__hal__stm32__stm32cube.a(stm32f7xx_ll_utils.c.obj)
                0x0000000008001d34                LL_SetFlashLatency
 .text.z_fatal_error
                0x0000000008001e14       0x30 zephyr/kernel/libkernel.a(fatal.c.obj)
                0x0000000008001e14                z_fatal_error
 .text.z_sys_init_run_level
                0x0000000008001e44       0x2c zephyr/kernel/libkernel.a(init.c.obj)
 .text.bg_thread_main
                0x0000000008001e70       0xc4 zephyr/kernel/libkernel.a(init.c.obj)
 .text.z_bss_zero
                0x0000000008001f34       0x2c zephyr/kernel/libkernel.a(init.c.obj)
                0x0000000008001f34                z_bss_zero
 .text.z_init_cpu
                0x0000000008001f60       0x70 zephyr/kernel/libkernel.a(init.c.obj)
                0x0000000008001f60                z_init_cpu
 .text.z_cstart
                0x0000000008001fd0       0xd4 zephyr/kernel/libkernel.a(init.c.obj)
                0x0000000008001fd0                z_cstart
 .text.z_impl_k_sem_give
                0x00000000080020a4       0x68 zephyr/kernel/libkernel.a(sem.c.obj)
                0x00000000080020a4                z_impl_k_sem_give
 .text.work_queue_main
                0x000000000800210c      0x144 zephyr/kernel/libkernel.a(work.c.obj)
 .text.submit_to_queue_locked
                0x0000000008002250       0xb0 zephyr/kernel/libkernel.a(work.c.obj)
 .text.k_work_submit
                0x0000000008002300        0xc zephyr/kernel/libkernel.a(work.c.obj)
                0x0000000008002300                k_work_submit
 .text.k_work_queue_start
                0x000000000800230c       0x7c zephyr/kernel/libkernel.a(work.c.obj)
                0x000000000800230c                k_work_queue_start
 .text.z_setup_new_thread
                0x0000000008002388       0x9c zephyr/kernel/libkernel.a(thread.c.obj)
                0x0000000008002388                z_setup_new_thread
 .text.z_impl_k_thread_create
                0x0000000008002424       0x58 zephyr/kernel/libkernel.a(thread.c.obj)
                0x0000000008002424                z_impl_k_thread_create
 .text.unready_thread
                0x000000000800247c       0x54 zephyr/kernel/libkernel.a(sched.c.obj)
 .text.ready_thread
                0x00000000080024d0       0x8c zephyr/kernel/libkernel.a(sched.c.obj)
 .text.z_thread_halt
                0x000000000800255c      0x10c zephyr/kernel/libkernel.a(sched.c.obj)
 .text.move_thread_to_end_of_prio_q
                0x0000000008002668       0x94 zephyr/kernel/libkernel.a(sched.c.obj)
                0x0000000008002668                move_thread_to_end_of_prio_q
 .text.z_pend_curr
                0x00000000080026fc       0x58 zephyr/kernel/libkernel.a(sched.c.obj)
                0x00000000080026fc                z_pend_curr
 .text.z_reschedule
                0x0000000008002754       0x24 zephyr/kernel/libkernel.a(sched.c.obj)
                0x0000000008002754                z_reschedule
 .text.z_sched_start
                0x0000000008002778       0x3c zephyr/kernel/libkernel.a(sched.c.obj)
                0x0000000008002778                z_sched_start
 .text.z_reschedule_irqlock
                0x00000000080027b4       0x28 zephyr/kernel/libkernel.a(sched.c.obj)
                0x00000000080027b4                z_reschedule_irqlock
 .text.k_sched_lock
                0x00000000080027dc       0x28 zephyr/kernel/libkernel.a(sched.c.obj)
                0x00000000080027dc                k_sched_lock
 .text.k_sched_unlock
                0x0000000008002804       0x68 zephyr/kernel/libkernel.a(sched.c.obj)
                0x0000000008002804                k_sched_unlock
 .text.z_sched_init
                0x000000000800286c       0x10 zephyr/kernel/libkernel.a(sched.c.obj)
                0x000000000800286c                z_sched_init
 .text.z_impl_k_yield
                0x000000000800287c       0x8c zephyr/kernel/libkernel.a(sched.c.obj)
                0x000000000800287c                z_impl_k_yield
 .text.z_tick_sleep
                0x0000000008002908       0x88 zephyr/kernel/libkernel.a(sched.c.obj)
 .text.z_impl_k_sleep
                0x0000000008002990       0x38 zephyr/kernel/libkernel.a(sched.c.obj)
                0x0000000008002990                z_impl_k_sleep
 .text.z_impl_k_sched_current_thread_query
                0x00000000080029c8        0xc zephyr/kernel/libkernel.a(sched.c.obj)
                0x00000000080029c8                z_impl_k_sched_current_thread_query
 .text.z_sched_wait
                0x00000000080029d4       0x24 zephyr/kernel/libkernel.a(sched.c.obj)
                0x00000000080029d4                z_sched_wait
 .text.slice_timeout
                0x00000000080029f8       0x20 zephyr/kernel/libkernel.a(timeslicing.c.obj)
 .text.thread_is_sliceable
                0x0000000008002a18       0x3c zephyr/kernel/libkernel.a(timeslicing.c.obj)
                0x0000000008002a18                thread_is_sliceable
 .text.z_reset_time_slice
                0x0000000008002a54       0x50 zephyr/kernel/libkernel.a(timeslicing.c.obj)
                0x0000000008002a54                z_reset_time_slice
 .text.z_time_slice
                0x0000000008002aa4       0x60 zephyr/kernel/libkernel.a(timeslicing.c.obj)
                0x0000000008002aa4                z_time_slice
 .text.z_data_copy
                0x0000000008002b04       0x50 zephyr/kernel/libkernel.a(xip.c.obj)
                0x0000000008002b04                z_data_copy
 .text.elapsed  0x0000000008002b54       0x14 zephyr/kernel/libkernel.a(timeout.c.obj)
 .text.remove_timeout
                0x0000000008002b68       0x38 zephyr/kernel/libkernel.a(timeout.c.obj)
 .text.next_timeout
                0x0000000008002ba0       0x40 zephyr/kernel/libkernel.a(timeout.c.obj)
 .text.z_add_timeout
                0x0000000008002be0       0xf4 zephyr/kernel/libkernel.a(timeout.c.obj)
                0x0000000008002be0                z_add_timeout
 .text.sys_clock_announce
                0x0000000008002cd4       0xd4 zephyr/kernel/libkernel.a(timeout.c.obj)
                0x0000000008002cd4                sys_clock_announce
 .text.sys_clock_tick_get
                0x0000000008002da8       0x30 zephyr/kernel/libkernel.a(timeout.c.obj)
                0x0000000008002da8                sys_clock_tick_get
 .text.boot_banner
                0x0000000008002dd8        0xc zephyr/kernel/libkernel.a(banner.c.obj)
                0x0000000008002dd8                boot_banner
 .text.k_sys_work_q_init
                0x0000000008002de4       0x34 zephyr/kernel/libkernel.a(system_work_q.c.obj)
 .text.__l_vfprintf
                0x0000000008002e18      0x4b8 c:\users\asus\zephyr-sdk-0.17.0\arm-zephyr-eabi\bin\../lib/gcc/../../picolibc/arm-zephyr-eabi/lib/thumb/v7e-m/nofp\libc.a(libc_tinystdio_vflprintf.c.o)
                0x0000000008002e18                __l_vfprintf
 .text._OffsetAbsSyms
                0x00000000080032d0        0x2 zephyr/CMakeFiles/offsets.dir/./arch/arm/core/offsets/offsets.c.obj
                0x00000000080032d0                _OffsetAbsSyms
 .text.k_msleep.isra.0
                0x00000000080032d2        0xa app/libapp.a(main.c.obj)
 .text.chunk_size
                0x00000000080032dc        0xa zephyr/libzephyr.a(heap.c.obj)
 .text.free_list_add
                0x00000000080032e6       0x4e zephyr/libzephyr.a(heap.c.obj)
 .text.sys_heap_init
                0x0000000008003334       0x7a zephyr/libzephyr.a(heap.c.obj)
                0x0000000008003334                sys_heap_init
 .text.arch_printk_char_out
                0x00000000080033ae        0x4 zephyr/libzephyr.a(printk.c.obj)
                0x00000000080033ae                arch_printk_char_out
 .text.printk   0x00000000080033b2       0x1a zephyr/libzephyr.a(printk.c.obj)
                0x00000000080033b2                printk
 .text._ConfigAbsSyms
                0x00000000080033cc        0x2 zephyr/libzephyr.a(configs.c.obj)
                0x00000000080033cc                _ConfigAbsSyms
 .text.z_arm_fatal_error
                0x00000000080033ce        0xc zephyr/arch/arch/arm/core/libarch__arm__core.a(fatal.c.obj)
                0x00000000080033ce                z_arm_fatal_error
 .text.z_do_kernel_oops
                0x00000000080033da        0x8 zephyr/arch/arch/arm/core/libarch__arm__core.a(fatal.c.obj)
                0x00000000080033da                z_do_kernel_oops
 .text.z_irq_spurious
                0x00000000080033e2        0x8 zephyr/arch/arch/arm/core/cortex_m/libarch__arm__core__cortex_m.a(irq_manage.c.obj)
                0x00000000080033e2                z_irq_spurious
 .text.arch_irq_unlock_outlined
                0x00000000080033ea        0xe zephyr/arch/arch/arm/core/cortex_m/libarch__arm__core__cortex_m.a(thread.c.obj)
                0x00000000080033ea                arch_irq_unlock_outlined
 .text.arch_cpu_idle
                0x00000000080033f8       0x1a zephyr/arch/arch/arm/core/cortex_m/libarch__arm__core__cortex_m.a(cpu_idle.c.obj)
                0x00000000080033f8                arch_cpu_idle
 .text.size_to_mpu_rasr_size
                0x0000000008003412       0x20 zephyr/arch/arch/arm/core/mpu/libarch__arm__core__mpu.a(arm_mpu.c.obj)
 .text.picolibc_put
                0x0000000008003432        0xa zephyr/lib/libc/picolibc/liblib__libc__picolibc.a(libc-hooks.c.obj)
 .text.stm32_gpio_intc_get_pin_irq_line
                0x000000000800343c        0x6 zephyr/drivers/interrupt_controller/libdrivers__interrupt_controller.a(intc_exti_stm32.c.obj)
                0x000000000800343c                stm32_gpio_intc_get_pin_irq_line
 .text.stm32_exti_set_line_src_port
                0x0000000008003442       0x36 zephyr/drivers/interrupt_controller/libdrivers__interrupt_controller.a(intc_exti_stm32.c.obj)
                0x0000000008003442                stm32_exti_set_line_src_port
 .text.stm32_clock_control_on
                0x0000000008003478       0x38 zephyr/drivers/clock_control/libdrivers__clock_control.a(clock_stm32_ll_common.c.obj)
 .text.stm32_clock_control_off
                0x00000000080034b0       0x26 zephyr/drivers/clock_control/libdrivers__clock_control.a(clock_stm32_ll_common.c.obj)
 .text.enabled_clock
                0x00000000080034d6       0x20 zephyr/drivers/clock_control/libdrivers__clock_control.a(clock_stm32_ll_common.c.obj)
                0x00000000080034d6                enabled_clock
 .text.stm32_clock_control_configure
                0x00000000080034f6       0x50 zephyr/drivers/clock_control/libdrivers__clock_control.a(clock_stm32_ll_common.c.obj)
 .text.stm32_clock_control_get_status
                0x0000000008003546       0x30 zephyr/drivers/clock_control/libdrivers__clock_control.a(clock_stm32_ll_common.c.obj)
 .text.config_regulator_voltage
                0x0000000008003576        0x2 zephyr/drivers/clock_control/libdrivers__clock_control.a(clock_stm32_ll_common.c.obj)
                0x0000000008003576                config_regulator_voltage
 .text.gpio_stm32_port_get_raw
                0x0000000008003578        0xc zephyr/drivers/gpio/libdrivers__gpio.a(gpio_stm32.c.obj)
 .text.gpio_stm32_port_set_masked_raw
                0x0000000008003584       0x12 zephyr/drivers/gpio/libdrivers__gpio.a(gpio_stm32.c.obj)
 .text.gpio_stm32_port_set_bits_raw
                0x0000000008003596        0xa zephyr/drivers/gpio/libdrivers__gpio.a(gpio_stm32.c.obj)
 .text.gpio_stm32_port_clear_bits_raw
                0x00000000080035a0        0xc zephyr/drivers/gpio/libdrivers__gpio.a(gpio_stm32.c.obj)
 .text.gpio_stm32_port_toggle_bits
                0x00000000080035ac        0xe zephyr/drivers/gpio/libdrivers__gpio.a(gpio_stm32.c.obj)
 .text.gpio_stm32_manage_callback
                0x00000000080035ba       0x52 zephyr/drivers/gpio/libdrivers__gpio.a(gpio_stm32.c.obj)
 .text.gpio_stm32_configure_raw.isra.0
                0x000000000800360c      0x114 zephyr/drivers/gpio/libdrivers__gpio.a(gpio_stm32.c.obj)
 .text.gpio_stm32_config
                0x0000000008003720      0x124 zephyr/drivers/gpio/libdrivers__gpio.a(gpio_stm32.c.obj)
 .text.gpio_stm32_isr
                0x0000000008003844       0x2c zephyr/drivers/gpio/libdrivers__gpio.a(gpio_stm32.c.obj)
 .text.gpio_stm32_configure
                0x0000000008003870       0x30 zephyr/drivers/gpio/libdrivers__gpio.a(gpio_stm32.c.obj)
                0x0000000008003870                gpio_stm32_configure
 .text.pinctrl_lookup_state
                0x00000000080038a0       0x26 zephyr/drivers/pinctrl/libdrivers__pinctrl.a(common.c.obj)
                0x00000000080038a0                pinctrl_lookup_state
 .text.reset_stm32_status
                0x00000000080038c6       0x22 zephyr/drivers/reset/libdrivers__reset.a(reset_stm32.c.obj)
 .text.reset_stm32_line_assert
                0x00000000080038e8       0x1c zephyr/drivers/reset/libdrivers__reset.a(reset_stm32.c.obj)
 .text.reset_stm32_line_deassert
                0x0000000008003904       0x1e zephyr/drivers/reset/libdrivers__reset.a(reset_stm32.c.obj)
 .text.reset_stm32_line_toggle
                0x0000000008003922       0x16 zephyr/drivers/reset/libdrivers__reset.a(reset_stm32.c.obj)
 .text.uart_stm32_set_baudrate
                0x0000000008003938       0x36 zephyr/drivers/serial/libdrivers__serial.a(uart_stm32.c.obj)
 .text.uart_stm32_ll2cfg_databits
                0x000000000800396e       0x2a zephyr/drivers/serial/libdrivers__serial.a(uart_stm32.c.obj)
 .text.uart_stm32_err_check
                0x0000000008003998       0x5a zephyr/drivers/serial/libdrivers__serial.a(uart_stm32.c.obj)
 .text.uart_stm32_irq_tx_enable
                0x00000000080039f2       0x16 zephyr/drivers/serial/libdrivers__serial.a(uart_stm32.c.obj)
 .text.uart_stm32_irq_tx_disable
                0x0000000008003a08       0x16 zephyr/drivers/serial/libdrivers__serial.a(uart_stm32.c.obj)
 .text.uart_stm32_irq_rx_enable
                0x0000000008003a1e       0x16 zephyr/drivers/serial/libdrivers__serial.a(uart_stm32.c.obj)
 .text.uart_stm32_irq_rx_disable
                0x0000000008003a34       0x16 zephyr/drivers/serial/libdrivers__serial.a(uart_stm32.c.obj)
 .text.uart_stm32_irq_rx_ready
                0x0000000008003a4a        0xc zephyr/drivers/serial/libdrivers__serial.a(uart_stm32.c.obj)
 .text.uart_stm32_irq_update
                0x0000000008003a56        0x4 zephyr/drivers/serial/libdrivers__serial.a(uart_stm32.c.obj)
 .text.uart_stm32_irq_callback_set
                0x0000000008003a5a        0x8 zephyr/drivers/serial/libdrivers__serial.a(uart_stm32.c.obj)
 .text.uart_stm32_isr
                0x0000000008003a62        0xc zephyr/drivers/serial/libdrivers__serial.a(uart_stm32.c.obj)
 .text.uart_stm32_irq_config_func_0
                0x0000000008003a6e       0x16 zephyr/drivers/serial/libdrivers__serial.a(uart_stm32.c.obj)
 .text.uart_stm32_irq_config_func_1
                0x0000000008003a84       0x16 zephyr/drivers/serial/libdrivers__serial.a(uart_stm32.c.obj)
 .text.uart_stm32_irq_tx_complete
                0x0000000008003a9a        0xc zephyr/drivers/serial/libdrivers__serial.a(uart_stm32.c.obj)
 .text.uart_stm32_irq_tx_ready
                0x0000000008003aa6       0x14 zephyr/drivers/serial/libdrivers__serial.a(uart_stm32.c.obj)
 .text.uart_stm32_config_get
                0x0000000008003aba       0x92 zephyr/drivers/serial/libdrivers__serial.a(uart_stm32.c.obj)
 .text.uart_stm32_fifo_fill
                0x0000000008003b4c       0x58 zephyr/drivers/serial/libdrivers__serial.a(uart_stm32.c.obj)
 .text.uart_stm32_poll_out
                0x0000000008003ba4       0x36 zephyr/drivers/serial/libdrivers__serial.a(uart_stm32.c.obj)
 .text.uart_stm32_irq_is_pending
                0x0000000008003bda       0x24 zephyr/drivers/serial/libdrivers__serial.a(uart_stm32.c.obj)
 .text.uart_stm32_fifo_read
                0x0000000008003bfe       0x42 zephyr/drivers/serial/libdrivers__serial.a(uart_stm32.c.obj)
 .text.uart_stm32_poll_in
                0x0000000008003c40       0x22 zephyr/drivers/serial/libdrivers__serial.a(uart_stm32.c.obj)
 .text.z_device_state_init
                0x0000000008003c62        0x2 zephyr/kernel/libkernel.a(device.c.obj)
                0x0000000008003c62                z_device_state_init
 .text.z_impl_device_is_ready
                0x0000000008003c64       0x16 zephyr/kernel/libkernel.a(device.c.obj)
                0x0000000008003c64                z_impl_device_is_ready
 .text.arch_system_halt
                0x0000000008003c7a       0x10 zephyr/kernel/libkernel.a(fatal.c.obj)
                0x0000000008003c7a                arch_system_halt
 .text.k_sys_fatal_error_handler
                0x0000000008003c8a        0x6 zephyr/kernel/libkernel.a(fatal.c.obj)
                0x0000000008003c8a                k_sys_fatal_error_handler
 .text.do_device_init
                0x0000000008003c90       0x30 zephyr/kernel/libkernel.a(init.c.obj)
 .text.z_early_memset
                0x0000000008003cc0        0x4 zephyr/kernel/libkernel.a(init.c.obj)
                0x0000000008003cc0                z_early_memset
 .text.z_early_memcpy
                0x0000000008003cc4        0x4 zephyr/kernel/libkernel.a(init.c.obj)
                0x0000000008003cc4                z_early_memcpy
 .text.z_init_static
                0x0000000008003cc8        0x2 zephyr/kernel/libkernel.a(init_static.c.obj)
                0x0000000008003cc8                z_init_static
 .text.idle     0x0000000008003cca       0x16 zephyr/kernel/libkernel.a(idle.c.obj)
                0x0000000008003cca                idle
 .text.flag_test_and_clear
                0x0000000008003ce0       0x16 zephyr/kernel/libkernel.a(work.c.obj)
 .text.notify_queue_locked.isra.0
                0x0000000008003cf6        0xe zephyr/kernel/libkernel.a(work.c.obj)
 .text.k_work_init
                0x0000000008003d04       0x12 zephyr/kernel/libkernel.a(work.c.obj)
                0x0000000008003d04                k_work_init
 .text.z_work_submit_to_queue
                0x0000000008003d16       0x26 zephyr/kernel/libkernel.a(work.c.obj)
                0x0000000008003d16                z_work_submit_to_queue
 .text.k_work_submit_to_queue
                0x0000000008003d3c       0x20 zephyr/kernel/libkernel.a(work.c.obj)
                0x0000000008003d3c                k_work_submit_to_queue
 .text.k_is_in_isr
                0x0000000008003d5c        0xc zephyr/kernel/libkernel.a(thread.c.obj)
                0x0000000008003d5c                k_is_in_isr
 .text.z_impl_k_thread_name_set
                0x0000000008003d68        0x6 zephyr/kernel/libkernel.a(thread.c.obj)
                0x0000000008003d68                z_impl_k_thread_name_set
 .text.z_impl_k_thread_start
                0x0000000008003d6e        0x4 zephyr/kernel/libkernel.a(thread.c.obj)
                0x0000000008003d6e                z_impl_k_thread_start
 .text.sys_dlist_remove
                0x0000000008003d72       0x10 zephyr/kernel/libkernel.a(sched.c.obj)
 .text.unpend_thread_no_timeout
                0x0000000008003d82       0x14 zephyr/kernel/libkernel.a(sched.c.obj)
 .text.add_to_waitq_locked
                0x0000000008003d96       0x50 zephyr/kernel/libkernel.a(sched.c.obj)
 .text.z_ready_thread
                0x0000000008003de6       0x1e zephyr/kernel/libkernel.a(sched.c.obj)
                0x0000000008003de6                z_ready_thread
 .text.z_impl_k_thread_suspend
                0x0000000008003e04       0x32 zephyr/kernel/libkernel.a(sched.c.obj)
                0x0000000008003e04                z_impl_k_thread_suspend
 .text.z_sched_wake_thread
                0x0000000008003e36       0x42 zephyr/kernel/libkernel.a(sched.c.obj)
                0x0000000008003e36                z_sched_wake_thread
 .text.z_thread_timeout
                0x0000000008003e78        0x8 zephyr/kernel/libkernel.a(sched.c.obj)
                0x0000000008003e78                z_thread_timeout
 .text.z_thread_abort
                0x0000000008003e80       0x44 zephyr/kernel/libkernel.a(sched.c.obj)
                0x0000000008003e80                z_thread_abort
 .text.z_sched_wake
                0x0000000008003ec4       0x44 zephyr/kernel/libkernel.a(sched.c.obj)
                0x0000000008003ec4                z_sched_wake
 .text.z_abort_timeout
                0x0000000008003f08       0x2a zephyr/kernel/libkernel.a(timeout.c.obj)
                0x0000000008003f08                z_abort_timeout
 .text.sys_clock_tick_get_32
                0x0000000008003f32        0x8 zephyr/kernel/libkernel.a(timeout.c.obj)
                0x0000000008003f32                sys_clock_tick_get_32
 .text.memcpy   0x0000000008003f3a       0x1c c:\users\asus\zephyr-sdk-0.17.0\arm-zephyr-eabi\bin\../lib/gcc/../../picolibc/arm-zephyr-eabi/lib/thumb/v7e-m/nofp\libc.a(memcpy.c.o)
                0x0000000008003f3a                __aeabi_memcpy
                0x0000000008003f3a                __aeabi_memcpy4
                0x0000000008003f3a                __aeabi_memcpy8
                0x0000000008003f3a                memcpy
 .text.memset   0x0000000008003f56       0x10 c:\users\asus\zephyr-sdk-0.17.0\arm-zephyr-eabi\bin\../lib/gcc/../../picolibc/arm-zephyr-eabi/lib/thumb/v7e-m/nofp\libc.a(memset.c.o)
                0x0000000008003f56                memset
 .text.strnlen  0x0000000008003f66       0x18 c:\users\asus\zephyr-sdk-0.17.0\arm-zephyr-eabi\bin\../lib/gcc/../../picolibc/arm-zephyr-eabi/lib/thumb/v7e-m/nofp\libc.a(libc_string_strnlen.c.o)
                0x0000000008003f66                strnlen
 .text.__ultoa_invert
                0x0000000008003f7e       0xae c:\users\asus\zephyr-sdk-0.17.0\arm-zephyr-eabi\bin\../lib/gcc/../../picolibc/arm-zephyr-eabi/lib/thumb/v7e-m/nofp\libc.a(libc_tinystdio_vflprintf.c.o)
 *(SORT_BY_ALIGNMENT(.TEXT.*))
 .TEXT.__aeabi_read_tp
                0x000000000800402c        0xc zephyr/arch/arch/arm/core/cortex_m/libarch__arm__core__cortex_m.a(__aeabi_read_tp.S.obj)
                0x000000000800402c                __aeabi_read_tp
 *(SORT_BY_ALIGNMENT(.gnu.linkonce.t.*))
 *(SORT_BY_ALIGNMENT(.glue_7t))
 .glue_7t       0x0000000008004038        0x0 linker stubs
 *(SORT_BY_ALIGNMENT(.glue_7))
 .glue_7        0x0000000008004038        0x0 linker stubs
 *(SORT_BY_ALIGNMENT(.vfp11_veneer))
 .vfp11_veneer  0x0000000008004038        0x0 linker stubs
 *(SORT_BY_ALIGNMENT(.v4_bx))
 .v4_bx         0x0000000008004038        0x0 linker stubs
                0x0000000008004038                . = ALIGN (0x4)
                0x0000000008004038                __text_region_end = .

.ARM.exidx      0x0000000008004038        0x8
                0x0000000008004038                __exidx_start = .
 *(SORT_BY_ALIGNMENT(.ARM.exidx*) SORT_BY_ALIGNMENT(gnu.linkonce.armexidx.*))
 .ARM.exidx     0x0000000008004038        0x8 c:\users\asus\zephyr-sdk-0.17.0\arm-zephyr-eabi\bin\../lib/gcc/../../picolibc/arm-zephyr-eabi/lib/thumb/v7e-m/nofp\libc.a(strlen.S.o)
 .ARM.exidx     0x0000000008004040        0x0 c:/users/asus/zephyr-sdk-0.17.0/arm-zephyr-eabi/bin/../lib/gcc/arm-zephyr-eabi/12.2.0/thumb/v7e-m/nofp\libgcc.a(_udivmoddi4.o)
                                          0x8 (size before relaxing)
                0x0000000008004040                __exidx_end = .
                0x0000000008004040                __rodata_region_start = .

initlevel       0x0000000008004040       0xa8
                0x0000000008004040                __init_start = .
                0x0000000008004040                __init_EARLY_start = .
 *(SORT_BY_NAME(SORT_BY_ALIGNMENT(.z_init_EARLY?_*)))
 *(SORT_BY_NAME(SORT_BY_ALIGNMENT(.z_init_EARLY??_*)))
                0x0000000008004040                __init_PRE_KERNEL_1_start = .
 *(SORT_BY_NAME(SORT_BY_ALIGNMENT(.z_init_PRE_KERNEL_1?_*)))
 .z_init_PRE_KERNEL_11_00009_
                0x0000000008004040        0x8 zephyr/drivers/clock_control/libdrivers__clock_control.a(clock_stm32_ll_common.c.obj)
 .z_init_PRE_KERNEL_11_0_
                0x0000000008004048        0x8 zephyr/libzephyr.a(soc_config.c.obj)
 *(SORT_BY_NAME(SORT_BY_ALIGNMENT(.z_init_PRE_KERNEL_1??_*)))
 .z_init_PRE_KERNEL_135_00075_
                0x0000000008004050        0x8 zephyr/drivers/reset/libdrivers__reset.a(reset_stm32.c.obj)
 .z_init_PRE_KERNEL_140_00016_
                0x0000000008004058        0x8 zephyr/drivers/gpio/libdrivers__gpio.a(gpio_stm32.c.obj)
 .z_init_PRE_KERNEL_140_00022_
                0x0000000008004060        0x8 zephyr/drivers/gpio/libdrivers__gpio.a(gpio_stm32.c.obj)
 .z_init_PRE_KERNEL_140_00065_
                0x0000000008004068        0x8 zephyr/drivers/interrupt_controller/libdrivers__interrupt_controller.a(intc_exti_stm32.c.obj)
 .z_init_PRE_KERNEL_140_00068_
                0x0000000008004070        0x8 zephyr/drivers/gpio/libdrivers__gpio.a(gpio_stm32.c.obj)
 .z_init_PRE_KERNEL_140_00089_
                0x0000000008004078        0x8 zephyr/drivers/gpio/libdrivers__gpio.a(gpio_stm32.c.obj)
 .z_init_PRE_KERNEL_140_00109_
                0x0000000008004080        0x8 zephyr/drivers/gpio/libdrivers__gpio.a(gpio_stm32.c.obj)
 .z_init_PRE_KERNEL_140_00183_
                0x0000000008004088        0x8 zephyr/drivers/gpio/libdrivers__gpio.a(gpio_stm32.c.obj)
 .z_init_PRE_KERNEL_140_00184_
                0x0000000008004090        0x8 zephyr/drivers/gpio/libdrivers__gpio.a(gpio_stm32.c.obj)
 .z_init_PRE_KERNEL_140_00185_
                0x0000000008004098        0x8 zephyr/drivers/gpio/libdrivers__gpio.a(gpio_stm32.c.obj)
 .z_init_PRE_KERNEL_140_00186_
                0x00000000080040a0        0x8 zephyr/drivers/gpio/libdrivers__gpio.a(gpio_stm32.c.obj)
 .z_init_PRE_KERNEL_140_00187_
                0x00000000080040a8        0x8 zephyr/drivers/gpio/libdrivers__gpio.a(gpio_stm32.c.obj)
 .z_init_PRE_KERNEL_140_00188_
                0x00000000080040b0        0x8 zephyr/drivers/gpio/libdrivers__gpio.a(gpio_stm32.c.obj)
 .z_init_PRE_KERNEL_150_00085_
                0x00000000080040b8        0x8 zephyr/drivers/serial/libdrivers__serial.a(uart_stm32.c.obj)
 .z_init_PRE_KERNEL_150_00088_
                0x00000000080040c0        0x8 zephyr/drivers/serial/libdrivers__serial.a(uart_stm32.c.obj)
 .z_init_PRE_KERNEL_160_0_
                0x00000000080040c8        0x8 zephyr/drivers/console/libdrivers__console.a(uart_console.c.obj)
                0x00000000080040d0                __init_PRE_KERNEL_2_start = .
 *(SORT_BY_NAME(SORT_BY_ALIGNMENT(.z_init_PRE_KERNEL_2?_*)))
 .z_init_PRE_KERNEL_20_0_
                0x00000000080040d0        0x8 zephyr/drivers/timer/libdrivers__timer.a(cortex_m_systick.c.obj)
 *(SORT_BY_NAME(SORT_BY_ALIGNMENT(.z_init_PRE_KERNEL_2??_*)))
                0x00000000080040d8                __init_POST_KERNEL_start = .
 *(SORT_BY_NAME(SORT_BY_ALIGNMENT(.z_init_POST_KERNEL?_*)))
 *(SORT_BY_NAME(SORT_BY_ALIGNMENT(.z_init_POST_KERNEL??_*)))
 .z_init_POST_KERNEL35_0_
                0x00000000080040d8        0x8 zephyr/lib/libc/common/liblib__libc__common.a(malloc.c.obj)
 .z_init_POST_KERNEL40_0_
                0x00000000080040e0        0x8 zephyr/kernel/libkernel.a(system_work_q.c.obj)
                0x00000000080040e8                __init_APPLICATION_start = .
 *(SORT_BY_NAME(SORT_BY_ALIGNMENT(.z_init_APPLICATION?_*)))
 *(SORT_BY_NAME(SORT_BY_ALIGNMENT(.z_init_APPLICATION??_*)))
                0x00000000080040e8                __init_SMP_start = .
 *(SORT_BY_NAME(SORT_BY_ALIGNMENT(.z_init_SMP?_*)))
 *(SORT_BY_NAME(SORT_BY_ALIGNMENT(.z_init_SMP??_*)))
                0x00000000080040e8                __init_end = .
                0x00000000080040e8                __deferred_init_list_start = .
 *(SORT_BY_ALIGNMENT(.z_deferred_init*))
                0x00000000080040e8                __deferred_init_list_end = .

device_area     0x00000000080040e8      0x140
                0x00000000080040e8                _device_list_start = .
 *(SORT_BY_NAME(SORT_BY_ALIGNMENT(._device.static.*_?_*)))
 ._device.static.1_1_
                0x00000000080040e8       0x14 zephyr/drivers/clock_control/libdrivers__clock_control.a(clock_stm32_ll_common.c.obj)
                0x00000000080040e8                __device_dts_ord_9
 *(SORT_BY_NAME(SORT_BY_ALIGNMENT(._device.static.*_??_*)))
 ._device.static.1_35_
                0x00000000080040fc       0x14 zephyr/drivers/reset/libdrivers__reset.a(reset_stm32.c.obj)
                0x00000000080040fc                __device_dts_ord_75
 ._device.static.1_40_
                0x0000000008004110       0x14 zephyr/drivers/interrupt_controller/libdrivers__interrupt_controller.a(intc_exti_stm32.c.obj)
                0x0000000008004110                __device_dts_ord_65
 ._device.static.1_40_
                0x0000000008004124       0xdc zephyr/drivers/gpio/libdrivers__gpio.a(gpio_stm32.c.obj)
                0x0000000008004124                __device_dts_ord_109
                0x0000000008004138                __device_dts_ord_188
                0x000000000800414c                __device_dts_ord_16
                0x0000000008004160                __device_dts_ord_187
                0x0000000008004174                __device_dts_ord_22
                0x0000000008004188                __device_dts_ord_186
                0x000000000800419c                __device_dts_ord_185
                0x00000000080041b0                __device_dts_ord_184
                0x00000000080041c4                __device_dts_ord_68
                0x00000000080041d8                __device_dts_ord_183
                0x00000000080041ec                __device_dts_ord_89
 ._device.static.1_50_
                0x0000000008004200       0x28 zephyr/drivers/serial/libdrivers__serial.a(uart_stm32.c.obj)
                0x0000000008004200                __device_dts_ord_88
                0x0000000008004214                __device_dts_ord_85
                0x0000000008004228                _device_list_end = .

sw_isr_table    0x0000000008004228      0x310
                0x0000000008004228                . = ALIGN (0x4)
 *(SORT_BY_ALIGNMENT(.gnu.linkonce.sw_isr_table*))
 .gnu.linkonce.sw_isr_table
                0x0000000008004228      0x310 zephyr/arch/common/libisr_tables.a(isr_tables.c.obj)
                0x0000000008004228                _sw_isr_table

initlevel_error
                0x0000000008004040        0x0
 *(SORT_BY_NAME(SORT_BY_ALIGNMENT(.z_init_[_A-Z0-9]*)))
                0x0000000000000001                ASSERT ((SIZEOF (initlevel_error) == 0x0), Undefined initialization levels used.)

app_shmem_regions
                0x0000000008004538        0x0
                0x0000000008004538                __app_shmem_regions_start = .
 *(SORT_BY_NAME(SORT_BY_ALIGNMENT(.app_regions.*)))
                0x0000000008004538                __app_shmem_regions_end = .

k_p4wq_initparam_area
                0x0000000008004538        0x0
                0x0000000008004538                _k_p4wq_initparam_list_start = .
 *(SORT_BY_NAME(SORT_BY_ALIGNMENT(._k_p4wq_initparam.static.*)))
                0x0000000008004538                _k_p4wq_initparam_list_end = .

_static_thread_data_area
                0x0000000008004538        0x0
                0x0000000008004538                __static_thread_data_list_start = .
 *(SORT_BY_NAME(SORT_BY_ALIGNMENT(.__static_thread_data.static.*)))
                0x0000000008004538                __static_thread_data_list_end = .

device_deps     0x0000000008004538        0x0
                0x0000000008004538                __device_deps_start = .
 *(SORT_BY_NAME(SORT_BY_ALIGNMENT(.__device_deps_pass2*)))
                0x0000000008004538                __device_deps_end = .

ztest           0x0000000008004538        0x0
                0x0000000008004538                _ztest_expected_result_entry_list_start = .
 *(SORT_BY_NAME(SORT_BY_ALIGNMENT(._ztest_expected_result_entry.static.*)))
                0x0000000008004538                _ztest_expected_result_entry_list_end = .
                0x0000000008004538                _ztest_suite_node_list_start = .
 *(SORT_BY_NAME(SORT_BY_ALIGNMENT(._ztest_suite_node.static.*)))
                0x0000000008004538                _ztest_suite_node_list_end = .
                0x0000000008004538                _ztest_unit_test_list_start = .
 *(SORT_BY_NAME(SORT_BY_ALIGNMENT(._ztest_unit_test.static.*)))
                0x0000000008004538                _ztest_unit_test_list_end = .
                0x0000000008004538                _ztest_test_rule_list_start = .
 *(SORT_BY_NAME(SORT_BY_ALIGNMENT(._ztest_test_rule.static.*)))
                0x0000000008004538                _ztest_test_rule_list_end = .

init_array      0x0000000008004538        0x0
 *(SORT_BY_NAME(SORT_BY_ALIGNMENT(.ctors*)))
 *(SORT_BY_NAME(SORT_BY_ALIGNMENT(.init_array*)))
                0x0000000000000001                ASSERT ((SIZEOF (init_array) == 0x0), GNU-style constructors required but STATIC_INIT_GNU not enabled)

bt_l2cap_fixed_chan_area
                0x0000000008004538        0x0
                0x0000000008004538                _bt_l2cap_fixed_chan_list_start = .
 *(SORT_BY_NAME(SORT_BY_ALIGNMENT(._bt_l2cap_fixed_chan.static.*)))
                0x0000000008004538                _bt_l2cap_fixed_chan_list_end = .

bt_gatt_service_static_area
                0x0000000008004538        0x0
                0x0000000008004538                _bt_gatt_service_static_list_start = .
 *(SORT_BY_NAME(SORT_BY_ALIGNMENT(._bt_gatt_service_static.static.*)))
                0x0000000008004538                _bt_gatt_service_static_list_end = .

log_strings_area
                0x0000000008004538        0x0
                0x0000000008004538                _log_strings_list_start = .
 *(SORT_BY_NAME(SORT_BY_ALIGNMENT(._log_strings.static.*)))
                0x0000000008004538                _log_strings_list_end = .

log_const_area  0x0000000008004538        0x0
                0x0000000008004538                _log_const_list_start = .
 *(SORT_BY_NAME(SORT_BY_ALIGNMENT(._log_const.static.*)))
                0x0000000008004538                _log_const_list_end = .

log_backend_area
                0x0000000008004538        0x0
                0x0000000008004538                _log_backend_list_start = .
 *(SORT_BY_NAME(SORT_BY_ALIGNMENT(._log_backend.static.*)))
                0x0000000008004538                _log_backend_list_end = .

log_link_area   0x0000000008004538        0x0
                0x0000000008004538                _log_link_list_start = .
 *(SORT_BY_NAME(SORT_BY_ALIGNMENT(._log_link.static.*)))
                0x0000000008004538                _log_link_list_end = .

tracing_backend_area
                0x0000000008004538        0x0
                0x0000000008004538                _tracing_backend_list_start = .
 *(SORT_BY_NAME(SORT_BY_ALIGNMENT(._tracing_backend.static.*)))
                0x0000000008004538                _tracing_backend_list_end = .

zephyr_dbg_info
 *(SORT_BY_ALIGNMENT(.dbg_thread_info))

intc_table_area
                0x0000000008004538        0x0
                0x0000000008004538                _intc_table_list_start = .
 *(SORT_BY_NAME(SORT_BY_ALIGNMENT(._intc_table.static.*)))
                0x0000000008004538                _intc_table_list_end = .

symbol_to_keep  0x0000000008004538        0x0
                0x0000000008004538                __symbol_to_keep_start = .
 *(SORT_BY_NAME(SORT_BY_ALIGNMENT(.symbol_to_keep*)))
                0x0000000008004538                __symbol_to_keep_end = .

shell_area      0x0000000008004538        0x0
                0x0000000008004538                _shell_list_start = .
 *(SORT_BY_NAME(SORT_BY_ALIGNMENT(._shell.static.*)))
                0x0000000008004538                _shell_list_end = .

shell_root_cmds_area
                0x0000000008004538        0x0
                0x0000000008004538                _shell_root_cmds_list_start = .
 *(SORT_BY_NAME(SORT_BY_ALIGNMENT(._shell_root_cmds.static.*)))
                0x0000000008004538                _shell_root_cmds_list_end = .

shell_subcmds_area
                0x0000000008004538        0x0
                0x0000000008004538                _shell_subcmds_list_start = .
 *(SORT_BY_NAME(SORT_BY_ALIGNMENT(._shell_subcmds.static.*)))
                0x0000000008004538                _shell_subcmds_list_end = .

shell_dynamic_subcmds_area
                0x0000000008004538        0x0
                0x0000000008004538                _shell_dynamic_subcmds_list_start = .
 *(SORT_BY_NAME(SORT_BY_ALIGNMENT(._shell_dynamic_subcmds.static.*)))
                0x0000000008004538                _shell_dynamic_subcmds_list_end = .

cfb_font_area   0x0000000008004538        0x0
                0x0000000008004538                _cfb_font_list_start = .
 *(SORT_BY_NAME(SORT_BY_ALIGNMENT(._cfb_font.static.*)))
                0x0000000008004538                _cfb_font_list_end = .

tdata           0x0000000008004538        0x0
 *(SORT_BY_ALIGNMENT(.tdata) SORT_BY_ALIGNMENT(.tdata.*) SORT_BY_ALIGNMENT(.gnu.linkonce.td.*))

tbss            0x0000000008004538        0x4
 *(SORT_BY_ALIGNMENT(.tbss) SORT_BY_ALIGNMENT(.tbss.*) SORT_BY_ALIGNMENT(.gnu.linkonce.tb.*) SORT_BY_ALIGNMENT(.tcommon))
 .tbss.z_tls_current
                0x0000000008004538        0x4 zephyr/libzephyr.a(thread_entry.c.obj)
                0x0000000008004538                z_tls_current
                0x0000000008004538                PROVIDE (__tdata_start = LOADADDR (tdata))
                0x0000000000000001                PROVIDE (__tdata_align = ALIGNOF (tdata))
                0x0000000000000000                PROVIDE (__tdata_size = (((SIZEOF (tdata) + __tdata_align) - 0x1) & ~ ((__tdata_align - 0x1))))
                [!provide]                        PROVIDE (__tdata_end = (__tdata_start + __tdata_size))
                0x0000000000000004                PROVIDE (__tbss_align = ALIGNOF (tbss))
                [!provide]                        PROVIDE (__tbss_start = ADDR (tbss))
                0x0000000000000004                PROVIDE (__tbss_size = (((SIZEOF (tbss) + __tbss_align) - 0x1) & ~ ((__tbss_align - 0x1))))
                [!provide]                        PROVIDE (__tbss_end = (__tbss_start + __tbss_size))
                [!provide]                        PROVIDE (__tls_start = __tdata_start)
                [!provide]                        PROVIDE (__tls_end = __tbss_end)
                [!provide]                        PROVIDE (__tls_size = (__tbss_end - __tdata_start))

rodata          0x0000000008004538      0x478
 *(SORT_BY_ALIGNMENT(.rodata))
 .rodata        0x0000000008004538        0x8 zephyr/drivers/interrupt_controller/libdrivers__interrupt_controller.a(intc_exti_stm32.c.obj)
 .rodata        0x0000000008004540        0x8 zephyr/kernel/libkernel.a(system_work_q.c.obj)
 *(SORT_BY_ALIGNMENT(.rodata.*))
 .rodata.mem_attr_region
                0x0000000008004548       0x20 zephyr/libzephyr.a(mem_attr.c.obj)
 .rodata.static_regions
                0x0000000008004568        0xc zephyr/arch/arch/arm/core/mpu/libarch__arm__core__mpu.a(arm_core_mpu.c.obj)
 .rodata.mpu_config
                0x0000000008004574        0x8 zephyr/arch/arch/arm/core/mpu/libarch__arm__core__mpu.a(arm_mpu_regions.c.obj)
                0x0000000008004574                mpu_config
 .rodata.mpu_regions
                0x000000000800457c       0x18 zephyr/arch/arch/arm/core/mpu/libarch__arm__core__mpu.a(arm_mpu_regions.c.obj)
 .rodata.stm32_clock_control_api
                0x0000000008004594       0x1c zephyr/drivers/clock_control/libdrivers__clock_control.a(clock_stm32_ll_common.c.obj)
 .rodata.gpio_stm32_cfg_k
                0x00000000080045b0       0x14 zephyr/drivers/gpio/libdrivers__gpio.a(gpio_stm32.c.obj)
 .rodata.gpio_stm32_cfg_j
                0x00000000080045c4       0x14 zephyr/drivers/gpio/libdrivers__gpio.a(gpio_stm32.c.obj)
 .rodata.gpio_stm32_cfg_i
                0x00000000080045d8       0x14 zephyr/drivers/gpio/libdrivers__gpio.a(gpio_stm32.c.obj)
 .rodata.gpio_stm32_cfg_h
                0x00000000080045ec       0x14 zephyr/drivers/gpio/libdrivers__gpio.a(gpio_stm32.c.obj)
 .rodata.gpio_stm32_cfg_g
                0x0000000008004600       0x14 zephyr/drivers/gpio/libdrivers__gpio.a(gpio_stm32.c.obj)
 .rodata.gpio_stm32_cfg_f
                0x0000000008004614       0x14 zephyr/drivers/gpio/libdrivers__gpio.a(gpio_stm32.c.obj)
 .rodata.gpio_stm32_cfg_e
                0x0000000008004628       0x14 zephyr/drivers/gpio/libdrivers__gpio.a(gpio_stm32.c.obj)
 .rodata.gpio_stm32_cfg_d
                0x000000000800463c       0x14 zephyr/drivers/gpio/libdrivers__gpio.a(gpio_stm32.c.obj)
 .rodata.gpio_stm32_cfg_c
                0x0000000008004650       0x14 zephyr/drivers/gpio/libdrivers__gpio.a(gpio_stm32.c.obj)
 .rodata.gpio_stm32_cfg_b
                0x0000000008004664       0x14 zephyr/drivers/gpio/libdrivers__gpio.a(gpio_stm32.c.obj)
 .rodata.gpio_stm32_cfg_a
                0x0000000008004678       0x14 zephyr/drivers/gpio/libdrivers__gpio.a(gpio_stm32.c.obj)
 .rodata.gpio_stm32_driver
                0x000000000800468c       0x24 zephyr/drivers/gpio/libdrivers__gpio.a(gpio_stm32.c.obj)
 .rodata.gpio_ports
                0x00000000080046b0       0x40 zephyr/drivers/pinctrl/libdrivers__pinctrl.a(pinctrl_stm32.c.obj)
 .rodata.reset_stm32_config
                0x00000000080046f0        0x4 zephyr/drivers/reset/libdrivers__reset.a(reset_stm32.c.obj)
 .rodata.reset_stm32_driver_api
                0x00000000080046f4       0x10 zephyr/drivers/reset/libdrivers__reset.a(reset_stm32.c.obj)
 .rodata.uart_stm32_cfg_1
                0x0000000008004704       0x28 zephyr/drivers/serial/libdrivers__serial.a(uart_stm32.c.obj)
 .rodata.pclken_1
                0x000000000800472c        0x8 zephyr/drivers/serial/libdrivers__serial.a(uart_stm32.c.obj)
 .rodata.__pinctrl_dev_config__device_dts_ord_88
                0x0000000008004734        0x8 zephyr/drivers/serial/libdrivers__serial.a(uart_stm32.c.obj)
 .rodata.__pinctrl_states__device_dts_ord_88
                0x000000000800473c        0x8 zephyr/drivers/serial/libdrivers__serial.a(uart_stm32.c.obj)
 .rodata.__pinctrl_state_pins_0__device_dts_ord_88
                0x0000000008004744       0x10 zephyr/drivers/serial/libdrivers__serial.a(uart_stm32.c.obj)
 .rodata.uart_stm32_cfg_0
                0x0000000008004754       0x28 zephyr/drivers/serial/libdrivers__serial.a(uart_stm32.c.obj)
 .rodata.pclken_0
                0x000000000800477c        0x8 zephyr/drivers/serial/libdrivers__serial.a(uart_stm32.c.obj)
 .rodata.__pinctrl_dev_config__device_dts_ord_85
                0x0000000008004784        0x8 zephyr/drivers/serial/libdrivers__serial.a(uart_stm32.c.obj)
 .rodata.__pinctrl_states__device_dts_ord_85
                0x000000000800478c        0x8 zephyr/drivers/serial/libdrivers__serial.a(uart_stm32.c.obj)
 .rodata.__pinctrl_state_pins_0__device_dts_ord_85
                0x0000000008004794       0x10 zephyr/drivers/serial/libdrivers__serial.a(uart_stm32.c.obj)
 .rodata.uart_stm32_driver_api
                0x00000000080047a4       0x4c zephyr/drivers/serial/libdrivers__serial.a(uart_stm32.c.obj)
 .rodata.levels.0
                0x00000000080047f0       0x18 zephyr/kernel/libkernel.a(init.c.obj)
 .rodata.CSWTCH.104
                0x0000000008004808        0x6 zephyr/drivers/serial/libdrivers__serial.a(uart_stm32.c.obj)
 .rodata.getmsg.str1.1
                0x000000000800480e        0xe app/libapp.a(main.c.obj)
 .rodata.str1.1
                0x000000000800481c       0x2b zephyr/libzephyr.a(mem_attr.c.obj)
 .rodata.str1.1
                0x0000000008004847        0xf zephyr/arch/arch/arm/core/mpu/libarch__arm__core__mpu.a(arm_mpu_regions.c.obj)
 .rodata.line_range_6.0
                0x0000000008004856        0x2 zephyr/drivers/interrupt_controller/libdrivers__interrupt_controller.a(intc_exti_stm32.c.obj)
 .rodata.line_range_5.1
                0x0000000008004858        0x2 zephyr/drivers/interrupt_controller/libdrivers__interrupt_controller.a(intc_exti_stm32.c.obj)
 .rodata.line_range_4.2
                0x000000000800485a        0x2 zephyr/drivers/interrupt_controller/libdrivers__interrupt_controller.a(intc_exti_stm32.c.obj)
 .rodata.line_range_3.3
                0x000000000800485c        0x2 zephyr/drivers/interrupt_controller/libdrivers__interrupt_controller.a(intc_exti_stm32.c.obj)
 .rodata.line_range_2.4
                0x000000000800485e        0x2 zephyr/drivers/interrupt_controller/libdrivers__interrupt_controller.a(intc_exti_stm32.c.obj)
 .rodata.line_range_1.5
                0x0000000008004860        0x2 zephyr/drivers/interrupt_controller/libdrivers__interrupt_controller.a(intc_exti_stm32.c.obj)
 .rodata.line_range_0.6
                0x0000000008004862        0x2 zephyr/drivers/interrupt_controller/libdrivers__interrupt_controller.a(intc_exti_stm32.c.obj)
 .rodata.str1.1
                0x0000000008004864       0x1e zephyr/drivers/interrupt_controller/libdrivers__interrupt_controller.a(intc_exti_stm32.c.obj)
 .rodata.str1.1
                0x0000000008004882        0xd zephyr/drivers/clock_control/libdrivers__clock_control.a(clock_stm32_ll_common.c.obj)
 .rodata.str1.1
                0x000000000800488f       0x9a zephyr/drivers/gpio/libdrivers__gpio.a(gpio_stm32.c.obj)
 .rodata.str1.1
                0x0000000008004929       0x11 zephyr/drivers/reset/libdrivers__reset.a(reset_stm32.c.obj)
 .rodata.str1.1
                0x000000000800493a       0x20 zephyr/drivers/serial/libdrivers__serial.a(uart_stm32.c.obj)
 .rodata.AHBPrescTable
                0x000000000800495a       0x10 modules/hal_stm32/stm32cube/lib..__modules__hal__stm32__stm32cube.a(system_stm32f7xx.c.obj)
                0x000000000800495a                AHBPrescTable
 .rodata.z_cstart.str1.1
                0x000000000800496a        0x5 zephyr/kernel/libkernel.a(init.c.obj)
 .rodata.boot_banner.str1.1
                0x000000000800496f       0x28 zephyr/kernel/libkernel.a(banner.c.obj)
 .rodata.str1.1
                0x0000000008004997        0x9 zephyr/kernel/libkernel.a(system_work_q.c.obj)
 .rodata.__l_vfprintf.str1.1
                0x00000000080049a0        0xf c:\users\asus\zephyr-sdk-0.17.0\arm-zephyr-eabi\bin\../lib/gcc/../../picolibc/arm-zephyr-eabi/lib/thumb/v7e-m/nofp\libc.a(libc_tinystdio_vflprintf.c.o)
 *(SORT_BY_ALIGNMENT(.gnu.linkonce.r.*))
                0x00000000080049b0                . = ALIGN (0x4)
 *fill*         0x00000000080049af        0x1 
                0x00000000080049b0                __rodata_region_end = .
                0x00000000080049c0                . = ALIGN (_region_min_align)
                0x0000000008008000                . = ALIGN ((0x1 << LOG2CEIL ((__rodata_region_end - ADDR (rom_start)))))
                0x0000000008008000                __rom_region_end = ((__rom_region_start + .) - ADDR (rom_start))

/DISCARD/
 *(SORT_BY_ALIGNMENT(.got.plt))
 *(SORT_BY_ALIGNMENT(.igot.plt))
 *(SORT_BY_ALIGNMENT(.got))
 *(SORT_BY_ALIGNMENT(.igot))
                0x0000000020010000                . = 0x20010000
                0x0000000020010000                . = ALIGN (_region_min_align)
                0x0000000020010000                _image_ram_start = .

.ramfunc        0x0000000020010000        0x0 load address 0x00000000080049b0
                0x0000000020010000                __ramfunc_region_start = .
                0x0000000020010000                . = ALIGN (_region_min_align)
                0x0000000020010000                . = ALIGN ((0x1 << LOG2CEIL (__ramfunc_size)))
                0x0000000020010000                __ramfunc_start = .
 *(SORT_BY_ALIGNMENT(.ramfunc))
 *(SORT_BY_ALIGNMENT(.ramfunc.*))
                0x0000000020010000                . = ALIGN (_region_min_align)
                0x0000000020010000                . = ALIGN ((0x1 << LOG2CEIL (__ramfunc_size)))
                0x0000000020010000                __ramfunc_end = .
                0x0000000000000000                __ramfunc_size = (__ramfunc_end - __ramfunc_start)
                0x00000000080049b0                __ramfunc_load_start = LOADADDR (.ramfunc)

datas           0x0000000020010000       0x88 load address 0x00000000080049b0
                0x0000000020010000                __data_region_start = .
                0x0000000020010000                __data_start = .
 *(SORT_BY_ALIGNMENT(.data))
 *(SORT_BY_ALIGNMENT(.data.*))
 .data.uart_dev
                0x0000000020010000        0x4 app/libapp.a(main.c.obj)
                0x0000000020010000                uart_dev
 .data._char_out
                0x0000000020010004        0x4 zephyr/libzephyr.a(printk.c.obj)
 .data.handler  0x0000000020010008        0x4 zephyr/arch/arch/arm/core/libarch__arm__core.a(nmi.c.obj)
 .data.__stdout
                0x000000002001000c       0x10 zephyr/lib/libc/picolibc/liblib__libc__picolibc.a(libc-hooks.c.obj)
 .data.uart_stm32_data_1
                0x000000002001001c       0x10 zephyr/drivers/serial/libdrivers__serial.a(uart_stm32.c.obj)
 .data.uart_cfg_1
                0x000000002001002c        0x8 zephyr/drivers/serial/libdrivers__serial.a(uart_stm32.c.obj)
 .data.uart_stm32_data_0
                0x0000000020010034       0x10 zephyr/drivers/serial/libdrivers__serial.a(uart_stm32.c.obj)
 .data.uart_cfg_0
                0x0000000020010044        0x8 zephyr/drivers/serial/libdrivers__serial.a(uart_stm32.c.obj)
 .data.SystemCoreClock
                0x000000002001004c        0x4 modules/hal_stm32/stm32cube/lib..__modules__hal__stm32__stm32cube.a(system_stm32f7xx.c.obj)
                0x000000002001004c                SystemCoreClock
 .data.timeout_list
                0x0000000020010050        0x8 zephyr/kernel/libkernel.a(timeout.c.obj)
 .data.msgout   0x0000000020010058       0x20 app/libapp.a(main.c.obj)
                0x0000000020010058                msgout
 .data.exti_irq_table
                0x0000000020010078       0x10 zephyr/drivers/interrupt_controller/libdrivers__interrupt_controller.a(intc_exti_stm32.c.obj)
 *(SORT_BY_ALIGNMENT(.kernel.*))
                0x0000000020010088                __data_end = .
                0x0000000000000088                __data_size = (__data_end - __data_start)
                0x00000000080049b0                __data_load_start = LOADADDR (datas)
                0x00000000080049b0                __data_region_load_start = LOADADDR (datas)

device_states   0x0000000020010088       0x20 load address 0x0000000008004a38
                0x0000000020010088                __device_states_start = .
 *(SORT_BY_ALIGNMENT(.z_devstate))
 .z_devstate    0x0000000020010088        0x2 zephyr/drivers/interrupt_controller/libdrivers__interrupt_controller.a(intc_exti_stm32.c.obj)
 .z_devstate    0x000000002001008a        0x2 zephyr/drivers/clock_control/libdrivers__clock_control.a(clock_stm32_ll_common.c.obj)
 .z_devstate    0x000000002001008c       0x16 zephyr/drivers/gpio/libdrivers__gpio.a(gpio_stm32.c.obj)
 .z_devstate    0x00000000200100a2        0x2 zephyr/drivers/reset/libdrivers__reset.a(reset_stm32.c.obj)
 .z_devstate    0x00000000200100a4        0x4 zephyr/drivers/serial/libdrivers__serial.a(uart_stm32.c.obj)
 *(SORT_BY_ALIGNMENT(.z_devstate.*))
                0x00000000200100a8                __device_states_end = .

log_mpsc_pbuf_area
                0x00000000200100a8        0x0 load address 0x0000000008004a58
                0x00000000200100a8                _log_mpsc_pbuf_list_start = .
 *(SORT_BY_NAME(SORT_BY_ALIGNMENT(._log_mpsc_pbuf.static.*)))
                0x00000000200100a8                _log_mpsc_pbuf_list_end = .

log_msg_ptr_area
                0x00000000200100a8        0x0 load address 0x0000000008004a58
                0x00000000200100a8                _log_msg_ptr_list_start = .
 *(SORT_BY_NAME(SORT_BY_ALIGNMENT(._log_msg_ptr.static.*)))
                0x00000000200100a8                _log_msg_ptr_list_end = .

log_dynamic_area
                0x00000000200100a8        0x0 load address 0x0000000008004a58
                0x00000000200100a8                _log_dynamic_list_start = .
 *(SORT_BY_NAME(SORT_BY_ALIGNMENT(._log_dynamic.static.*)))
                0x00000000200100a8                _log_dynamic_list_end = .

k_timer_area    0x00000000200100a8        0x0 load address 0x0000000008004a58
                0x00000000200100a8                _k_timer_list_start = .
 *(SORT_BY_NAME(SORT_BY_ALIGNMENT(._k_timer.static.*)))
                0x00000000200100a8                _k_timer_list_end = .

k_mem_slab_area
                0x00000000200100a8        0x0 load address 0x0000000008004a58
                0x00000000200100a8                _k_mem_slab_list_start = .
 *(SORT_BY_NAME(SORT_BY_ALIGNMENT(._k_mem_slab.static.*)))
                0x00000000200100a8                _k_mem_slab_list_end = .

k_heap_area     0x00000000200100a8        0x0 load address 0x0000000008004a58
                0x00000000200100a8                _k_heap_list_start = .
 *(SORT_BY_NAME(SORT_BY_ALIGNMENT(._k_heap.static.*)))
                0x00000000200100a8                _k_heap_list_end = .

k_mutex_area    0x00000000200100a8        0x0 load address 0x0000000008004a58
                0x00000000200100a8                _k_mutex_list_start = .
 *(SORT_BY_NAME(SORT_BY_ALIGNMENT(._k_mutex.static.*)))
                0x00000000200100a8                _k_mutex_list_end = .

k_stack_area    0x00000000200100a8        0x0 load address 0x0000000008004a58
                0x00000000200100a8                _k_stack_list_start = .
 *(SORT_BY_NAME(SORT_BY_ALIGNMENT(._k_stack.static.*)))
                0x00000000200100a8                _k_stack_list_end = .

k_msgq_area     0x00000000200100a8        0x0 load address 0x0000000008004a58
                0x00000000200100a8                _k_msgq_list_start = .
 *(SORT_BY_NAME(SORT_BY_ALIGNMENT(._k_msgq.static.*)))
                0x00000000200100a8                _k_msgq_list_end = .

k_mbox_area     0x00000000200100a8        0x0 load address 0x0000000008004a58
                0x00000000200100a8                _k_mbox_list_start = .
 *(SORT_BY_NAME(SORT_BY_ALIGNMENT(._k_mbox.static.*)))
                0x00000000200100a8                _k_mbox_list_end = .

k_pipe_area     0x00000000200100a8        0x0 load address 0x0000000008004a58
                0x00000000200100a8                _k_pipe_list_start = .
 *(SORT_BY_NAME(SORT_BY_ALIGNMENT(._k_pipe.static.*)))
                0x00000000200100a8                _k_pipe_list_end = .

k_sem_area      0x00000000200100a8        0x0 load address 0x0000000008004a58
                0x00000000200100a8                _k_sem_list_start = .
 *(SORT_BY_NAME(SORT_BY_ALIGNMENT(._k_sem.static.*)))
                0x00000000200100a8                _k_sem_list_end = .

k_event_area    0x00000000200100a8        0x0 load address 0x0000000008004a58
                0x00000000200100a8                _k_event_list_start = .
 *(SORT_BY_NAME(SORT_BY_ALIGNMENT(._k_event.static.*)))
                0x00000000200100a8                _k_event_list_end = .

k_queue_area    0x00000000200100a8        0x0 load address 0x0000000008004a58
                0x00000000200100a8                _k_queue_list_start = .
 *(SORT_BY_NAME(SORT_BY_ALIGNMENT(._k_queue.static.*)))
                0x00000000200100a8                _k_queue_list_end = .

k_fifo_area     0x00000000200100a8        0x0 load address 0x0000000008004a58
                0x00000000200100a8                _k_fifo_list_start = .
 *(SORT_BY_NAME(SORT_BY_ALIGNMENT(._k_fifo.static.*)))
                0x00000000200100a8                _k_fifo_list_end = .

k_lifo_area     0x00000000200100a8        0x0 load address 0x0000000008004a58
                0x00000000200100a8                _k_lifo_list_start = .
 *(SORT_BY_NAME(SORT_BY_ALIGNMENT(._k_lifo.static.*)))
                0x00000000200100a8                _k_lifo_list_end = .

k_condvar_area  0x00000000200100a8        0x0 load address 0x0000000008004a58
                0x00000000200100a8                _k_condvar_list_start = .
 *(SORT_BY_NAME(SORT_BY_ALIGNMENT(._k_condvar.static.*)))
                0x00000000200100a8                _k_condvar_list_end = .

sys_mem_blocks_ptr_area
                0x00000000200100a8        0x0 load address 0x0000000008004a58
                0x00000000200100a8                _sys_mem_blocks_ptr_list_start = .
 *(SORT_BY_NAME(SORT_BY_ALIGNMENT(._sys_mem_blocks_ptr.static.*)))
                0x00000000200100a8                _sys_mem_blocks_ptr_list_end = .

net_buf_pool_area
                0x00000000200100a8        0x0 load address 0x0000000008004a58
                0x00000000200100a8                _net_buf_pool_list_start = .
 *(SORT_BY_NAME(SORT_BY_ALIGNMENT(._net_buf_pool.static.*)))
                0x00000000200100a8                _net_buf_pool_list_end = .
                0x00000000200100a8                __data_region_end = .

bss             0x00000000200100a8      0x46f
                0x00000000200100a8                . = ALIGN (0x4)
                0x00000000200100a8                __bss_start = .
                0x00000000200100a8                __kernel_ram_start = .
 *(SORT_BY_ALIGNMENT(.bss))
 *(SORT_BY_ALIGNMENT(.bss.*))
 .bss.announced_cycles
                0x00000000200100a8        0x8 zephyr/drivers/timer/libdrivers__timer.a(cortex_m_systick.c.obj)
 .bss.cycle_count
                0x00000000200100b0        0x8 zephyr/drivers/timer/libdrivers__timer.a(cortex_m_systick.c.obj)
 .bss.z_idle_threads
                0x00000000200100b8       0x80 zephyr/kernel/libkernel.a(init.c.obj)
                0x00000000200100b8                z_idle_threads
 .bss.z_main_thread
                0x0000000020010138       0x80 zephyr/kernel/libkernel.a(init.c.obj)
                0x0000000020010138                z_main_thread
 .bss._thread_dummy
                0x00000000200101b8       0x80 zephyr/kernel/libkernel.a(sched.c.obj)
                0x00000000200101b8                _thread_dummy
 .bss.slice_timeouts
                0x0000000020010238       0x18 zephyr/kernel/libkernel.a(timeslicing.c.obj)
 .bss.curr_tick
                0x0000000020010250        0x8 zephyr/kernel/libkernel.a(timeout.c.obj)
 .bss.k_sys_work_q
                0x0000000020010258       0xa0 zephyr/kernel/libkernel.a(system_work_q.c.obj)
                0x0000000020010258                k_sys_work_q
 .bss.index     0x00000000200102f8        0x4 app/libapp.a(main.c.obj)
                0x00000000200102f8                index
 .bss.onreset   0x00000000200102fc        0xc app/libapp.a(main.c.obj)
                0x00000000200102fc                onreset
 .bss.send      0x0000000020010308       0x10 app/libapp.a(main.c.obj)
                0x0000000020010308                send
 .bss.z_arm_tls_ptr
                0x0000000020010318        0x4 zephyr/arch/arch/arm/core/libarch__arm__core.a(tls.c.obj)
                0x0000000020010318                z_arm_tls_ptr
 .bss.dynamic_regions.0
                0x000000002001031c        0xc zephyr/arch/arch/arm/core/mpu/libarch__arm__core__mpu.a(arm_core_mpu.c.obj)
 .bss._stdout_hook
                0x0000000020010328        0x4 zephyr/lib/libc/picolibc/liblib__libc__picolibc.a(libc-hooks.c.obj)
 .bss.z_malloc_heap
                0x000000002001032c        0xc zephyr/lib/libc/common/liblib__libc__common.a(malloc.c.obj)
 .bss.exti_data
                0x0000000020010338       0x80 zephyr/drivers/interrupt_controller/libdrivers__interrupt_controller.a(intc_exti_stm32.c.obj)
 .bss.gpio_stm32_data_k
                0x00000000200103b8       0x14 zephyr/drivers/gpio/libdrivers__gpio.a(gpio_stm32.c.obj)
 .bss.gpio_stm32_data_j
                0x00000000200103cc       0x14 zephyr/drivers/gpio/libdrivers__gpio.a(gpio_stm32.c.obj)
 .bss.gpio_stm32_data_i
                0x00000000200103e0       0x14 zephyr/drivers/gpio/libdrivers__gpio.a(gpio_stm32.c.obj)
 .bss.gpio_stm32_data_h
                0x00000000200103f4       0x14 zephyr/drivers/gpio/libdrivers__gpio.a(gpio_stm32.c.obj)
 .bss.gpio_stm32_data_g
                0x0000000020010408       0x14 zephyr/drivers/gpio/libdrivers__gpio.a(gpio_stm32.c.obj)
 .bss.gpio_stm32_data_f
                0x000000002001041c       0x14 zephyr/drivers/gpio/libdrivers__gpio.a(gpio_stm32.c.obj)
 .bss.gpio_stm32_data_e
                0x0000000020010430       0x14 zephyr/drivers/gpio/libdrivers__gpio.a(gpio_stm32.c.obj)
 .bss.gpio_stm32_data_d
                0x0000000020010444       0x14 zephyr/drivers/gpio/libdrivers__gpio.a(gpio_stm32.c.obj)
 .bss.gpio_stm32_data_c
                0x0000000020010458       0x14 zephyr/drivers/gpio/libdrivers__gpio.a(gpio_stm32.c.obj)
 .bss.gpio_stm32_data_b
                0x000000002001046c       0x14 zephyr/drivers/gpio/libdrivers__gpio.a(gpio_stm32.c.obj)
 .bss.gpio_stm32_data_a
                0x0000000020010480       0x14 zephyr/drivers/gpio/libdrivers__gpio.a(gpio_stm32.c.obj)
 .bss.overflow_cyc
                0x0000000020010494        0x4 zephyr/drivers/timer/libdrivers__timer.a(cortex_m_systick.c.obj)
 .bss.last_load
                0x0000000020010498        0x4 zephyr/drivers/timer/libdrivers__timer.a(cortex_m_systick.c.obj)
 .bss._kernel   0x000000002001049c       0x20 zephyr/kernel/libkernel.a(init.c.obj)
                0x000000002001049c                _kernel
 .bss.pending_cancels
                0x00000000200104bc        0x8 zephyr/kernel/libkernel.a(work.c.obj)
 .bss.pending_current
                0x00000000200104c4        0x4 zephyr/kernel/libkernel.a(timeslicing.c.obj)
                0x00000000200104c4                pending_current
 .bss.slice_max_prio
                0x00000000200104c8        0x4 zephyr/kernel/libkernel.a(timeslicing.c.obj)
 .bss.slice_ticks
                0x00000000200104cc        0x4 zephyr/kernel/libkernel.a(timeslicing.c.obj)
 .bss.announce_remaining
                0x00000000200104d0        0x4 zephyr/kernel/libkernel.a(timeout.c.obj)
 .bss.msg       0x00000000200104d4       0x40 app/libapp.a(main.c.obj)
                0x00000000200104d4                msg
 .bss.static_regions_num
                0x0000000020010514        0x1 zephyr/arch/arch/arm/core/mpu/libarch__arm__core__mpu.a(arm_mpu.c.obj)
 .bss.z_sys_post_kernel
                0x0000000020010515        0x1 zephyr/kernel/libkernel.a(init.c.obj)
                0x0000000020010515                z_sys_post_kernel
 .bss.lock      0x0000000020010516        0x0 zephyr/kernel/libkernel.a(sem.c.obj)
 .bss.lock      0x0000000020010516        0x0 zephyr/kernel/libkernel.a(work.c.obj)
 .bss._sched_spinlock
                0x0000000020010516        0x0 zephyr/kernel/libkernel.a(sched.c.obj)
                0x0000000020010516                _sched_spinlock
 .bss.slice_expired
                0x0000000020010516        0x1 zephyr/kernel/libkernel.a(timeslicing.c.obj)
 *(SORT_BY_ALIGNMENT(COMMON))
 *(SORT_BY_ALIGNMENT(.kernel_bss.*))
                0x0000000020010518                __bss_end = ALIGN (0x4)

noinit          0x0000000020010540     0x1240
 *(SORT_BY_ALIGNMENT(.noinit))
 *(SORT_BY_ALIGNMENT(.noinit.*))
 .noinit."WEST_TOPDIR/external/zephyr/kernel/init.c".2
                0x0000000020010540      0x840 zephyr/kernel/libkernel.a(init.c.obj)
                0x0000000020010540                z_interrupt_stacks
 .noinit."WEST_TOPDIR/external/zephyr/kernel/init.c".1
                0x0000000020010d80      0x180 zephyr/kernel/libkernel.a(init.c.obj)
 .noinit."WEST_TOPDIR/external/zephyr/kernel/init.c".0
                0x0000000020010f00      0x440 zephyr/kernel/libkernel.a(init.c.obj)
                0x0000000020010f00                z_main_stack
 .noinit."WEST_TOPDIR/external/zephyr/kernel/system_work_q.c".0
                0x0000000020011340      0x440 zephyr/kernel/libkernel.a(system_work_q.c.obj)
 *(SORT_BY_ALIGNMENT(.kernel_noinit.*))
                0x0000000020050000                __kernel_ram_end = 0x20050000
                0x000000000003ff58                __kernel_ram_size = (__kernel_ram_end - __kernel_ram_start)

.dtcm_bss       0x0000000020000000        0x0
                0x0000000020000000                __dtcm_start = .
                0x0000000020000000                __dtcm_bss_start = .
 *(SORT_BY_ALIGNMENT(.dtcm_bss))
 *(SORT_BY_ALIGNMENT(.dtcm_bss.*))
                0x0000000020000000                __dtcm_bss_end = .

.dtcm_noinit    0x0000000020000000        0x0
                0x0000000020000000                __dtcm_noinit_start = .
 *(SORT_BY_ALIGNMENT(.dtcm_noinit))
 *(SORT_BY_ALIGNMENT(.dtcm_noinit.*))
                0x0000000020000000                __dtcm_noinit_end = .

.dtcm_data      0x0000000020000000        0x0 load address 0x0000000008004a58
                0x0000000020000000                __dtcm_data_start = .
 *(SORT_BY_ALIGNMENT(.dtcm_data))
 *(SORT_BY_ALIGNMENT(.dtcm_data.*))
                0x0000000020000000                __dtcm_data_end = .
                0x0000000020000000                __dtcm_end = .
                0x0000000008004a58                __dtcm_data_load_start = LOADADDR (.dtcm_data)

.intList        0x00000000ffff8000       0x98
 *(SORT_BY_ALIGNMENT(.irq_info*))
 .irq_info      0x00000000ffff8000        0x8 zephyr/arch/common/libisr_tables.a(isr_tables.c.obj)
                0x00000000ffff8000                _iheader
 *(SORT_BY_ALIGNMENT(.intList*))
 .intList       0x00000000ffff8008       0x70 zephyr/drivers/interrupt_controller/libdrivers__interrupt_controller.a(intc_exti_stm32.c.obj)
 .intList       0x00000000ffff8078       0x20 zephyr/drivers/serial/libdrivers__serial.a(uart_stm32.c.obj)

.last_ram_section
                0x0000000020011780        0x0
                0x0000000020011780                _image_ram_end = .
                0x0000000000001780                _image_ram_size = (_image_ram_end - _image_ram_start)
                0x0000000020011780                _end = .
                0x0000000020011780                z_mapped_end = .

.stab
 *(SORT_BY_ALIGNMENT(.stab))

.stabstr
 *(SORT_BY_ALIGNMENT(.stabstr))

.stab.excl
 *(SORT_BY_ALIGNMENT(.stab.excl))

.stab.exclstr
 *(SORT_BY_ALIGNMENT(.stab.exclstr))

.stab.index
 *(SORT_BY_ALIGNMENT(.stab.index))

.stab.indexstr
 *(SORT_BY_ALIGNMENT(.stab.indexstr))

.gnu.build.attributes
 *(SORT_BY_ALIGNMENT(.gnu.build.attributes) SORT_BY_ALIGNMENT(.gnu.build.attributes.*))

.comment        0x0000000000000000       0x20
 *(SORT_BY_ALIGNMENT(.comment))
 .comment       0x0000000000000000       0x20 zephyr/CMakeFiles/offsets.dir/./arch/arm/core/offsets/offsets.c.obj
                                         0x21 (size before relaxing)
 .comment       0x0000000000000020       0x21 app/libapp.a(main.c.obj)
 .comment       0x0000000000000020       0x21 zephyr/libzephyr.a(heap.c.obj)
 .comment       0x0000000000000020       0x21 zephyr/libzephyr.a(printk.c.obj)
 .comment       0x0000000000000020       0x21 zephyr/libzephyr.a(thread_entry.c.obj)
 .comment       0x0000000000000020       0x21 zephyr/libzephyr.a(configs.c.obj)
 .comment       0x0000000000000020       0x21 zephyr/libzephyr.a(soc_config.c.obj)
 .comment       0x0000000000000020       0x21 zephyr/libzephyr.a(soc.c.obj)
 .comment       0x0000000000000020       0x21 zephyr/libzephyr.a(mem_attr.c.obj)
 .comment       0x0000000000000020       0x21 zephyr/arch/arch/arm/core/libarch__arm__core.a(fatal.c.obj)
 .comment       0x0000000000000020       0x21 zephyr/arch/arch/arm/core/libarch__arm__core.a(nmi.c.obj)
 .comment       0x0000000000000020       0x21 zephyr/arch/arch/arm/core/libarch__arm__core.a(tls.c.obj)
 .comment       0x0000000000000020       0x21 zephyr/arch/arch/arm/core/cortex_m/libarch__arm__core__cortex_m.a(exc_exit.c.obj)
 .comment       0x0000000000000020       0x21 zephyr/arch/arch/arm/core/cortex_m/libarch__arm__core__cortex_m.a(fault.c.obj)
 .comment       0x0000000000000020       0x21 zephyr/arch/arch/arm/core/cortex_m/libarch__arm__core__cortex_m.a(thread_abort.c.obj)
 .comment       0x0000000000000020       0x21 zephyr/arch/arch/arm/core/cortex_m/libarch__arm__core__cortex_m.a(swap.c.obj)
 .comment       0x0000000000000020       0x21 zephyr/arch/arch/arm/core/cortex_m/libarch__arm__core__cortex_m.a(irq_manage.c.obj)
 .comment       0x0000000000000020       0x21 zephyr/arch/arch/arm/core/cortex_m/libarch__arm__core__cortex_m.a(prep_c.c.obj)
 .comment       0x0000000000000020       0x21 zephyr/arch/arch/arm/core/cortex_m/libarch__arm__core__cortex_m.a(thread.c.obj)
 .comment       0x0000000000000020       0x21 zephyr/arch/arch/arm/core/cortex_m/libarch__arm__core__cortex_m.a(cpu_idle.c.obj)
 .comment       0x0000000000000020       0x21 zephyr/arch/arch/arm/core/cortex_m/libarch__arm__core__cortex_m.a(irq_init.c.obj)
 .comment       0x0000000000000020       0x21 zephyr/arch/arch/arm/core/cortex_m/libarch__arm__core__cortex_m.a(isr_wrapper.c.obj)
 .comment       0x0000000000000020       0x21 zephyr/arch/arch/arm/core/mpu/libarch__arm__core__mpu.a(arm_core_mpu.c.obj)
 .comment       0x0000000000000020       0x21 zephyr/arch/arch/arm/core/mpu/libarch__arm__core__mpu.a(arm_mpu.c.obj)
 .comment       0x0000000000000020       0x21 zephyr/arch/arch/arm/core/mpu/libarch__arm__core__mpu.a(arm_mpu_regions.c.obj)
 .comment       0x0000000000000020       0x21 zephyr/lib/libc/picolibc/liblib__libc__picolibc.a(libc-hooks.c.obj)
 .comment       0x0000000000000020       0x21 zephyr/lib/libc/common/liblib__libc__common.a(malloc.c.obj)
 .comment       0x0000000000000020       0x21 zephyr/drivers/interrupt_controller/libdrivers__interrupt_controller.a(intc_exti_stm32.c.obj)
 .comment       0x0000000000000020       0x21 zephyr/drivers/clock_control/libdrivers__clock_control.a(clock_stm32_ll_common.c.obj)
 .comment       0x0000000000000020       0x21 zephyr/drivers/clock_control/libdrivers__clock_control.a(clock_stm32f2_f4_f7.c.obj)
 .comment       0x0000000000000020       0x21 zephyr/drivers/console/libdrivers__console.a(uart_console.c.obj)
 .comment       0x0000000000000020       0x21 zephyr/drivers/gpio/libdrivers__gpio.a(gpio_stm32.c.obj)
 .comment       0x0000000000000020       0x21 zephyr/drivers/pinctrl/libdrivers__pinctrl.a(common.c.obj)
 .comment       0x0000000000000020       0x21 zephyr/drivers/pinctrl/libdrivers__pinctrl.a(pinctrl_stm32.c.obj)
 .comment       0x0000000000000020       0x21 zephyr/drivers/reset/libdrivers__reset.a(reset_stm32.c.obj)
 .comment       0x0000000000000020       0x21 zephyr/drivers/serial/libdrivers__serial.a(uart_stm32.c.obj)
 .comment       0x0000000000000020       0x21 zephyr/drivers/timer/libdrivers__timer.a(cortex_m_systick.c.obj)
 .comment       0x0000000000000020       0x21 modules/hal_stm32/stm32cube/lib..__modules__hal__stm32__stm32cube.a(system_stm32f7xx.c.obj)
 .comment       0x0000000000000020       0x21 modules/hal_stm32/stm32cube/lib..__modules__hal__stm32__stm32cube.a(stm32f7xx_hal_rcc.c.obj)
 .comment       0x0000000000000020       0x21 modules/hal_stm32/stm32cube/lib..__modules__hal__stm32__stm32cube.a(stm32f7xx_ll_utils.c.obj)
 .comment       0x0000000000000020       0x21 zephyr/kernel/libkernel.a(device.c.obj)
 .comment       0x0000000000000020       0x21 zephyr/kernel/libkernel.a(fatal.c.obj)
 .comment       0x0000000000000020       0x21 zephyr/kernel/libkernel.a(init.c.obj)
 .comment       0x0000000000000020       0x21 zephyr/kernel/libkernel.a(init_static.c.obj)
 .comment       0x0000000000000020       0x21 zephyr/kernel/libkernel.a(idle.c.obj)
 .comment       0x0000000000000020       0x21 zephyr/kernel/libkernel.a(sem.c.obj)
 .comment       0x0000000000000020       0x21 zephyr/kernel/libkernel.a(work.c.obj)
 .comment       0x0000000000000020       0x21 zephyr/kernel/libkernel.a(thread.c.obj)
 .comment       0x0000000000000020       0x21 zephyr/kernel/libkernel.a(sched.c.obj)
 .comment       0x0000000000000020       0x21 zephyr/kernel/libkernel.a(timeslicing.c.obj)
 .comment       0x0000000000000020       0x21 zephyr/kernel/libkernel.a(xip.c.obj)
 .comment       0x0000000000000020       0x21 zephyr/kernel/libkernel.a(timeout.c.obj)
 .comment       0x0000000000000020       0x21 zephyr/kernel/libkernel.a(banner.c.obj)
 .comment       0x0000000000000020       0x21 zephyr/kernel/libkernel.a(system_work_q.c.obj)
 .comment       0x0000000000000020       0x21 zephyr/arch/common/libisr_tables.a(isr_tables.c.obj)

.debug
 *(SORT_BY_ALIGNMENT(.debug))

.line
 *(SORT_BY_ALIGNMENT(.line))

.debug_srcinfo
 *(SORT_BY_ALIGNMENT(.debug_srcinfo))

.debug_sfnames
 *(SORT_BY_ALIGNMENT(.debug_sfnames))

.debug_aranges  0x0000000000000000     0x1090
 *(SORT_BY_ALIGNMENT(.debug_aranges))
 .debug_aranges
                0x0000000000000000       0x20 zephyr/arch/arch/arm/core/libarch__arm__core.a(nmi_on_reset.S.obj)
 .debug_aranges
                0x0000000000000020       0x20 zephyr/arch/arch/arm/core/cortex_m/libarch__arm__core__cortex_m.a(fault_s.S.obj)
 .debug_aranges
                0x0000000000000040       0x20 zephyr/arch/arch/arm/core/cortex_m/libarch__arm__core__cortex_m.a(reset.S.obj)
 .debug_aranges
                0x0000000000000060       0x28 zephyr/arch/arch/arm/core/cortex_m/libarch__arm__core__cortex_m.a(swap_helper.S.obj)
 .debug_aranges
                0x0000000000000088       0x20 zephyr/arch/arch/arm/core/cortex_m/libarch__arm__core__cortex_m.a(__aeabi_read_tp.S.obj)
 .debug_aranges
                0x00000000000000a8       0x20 zephyr/CMakeFiles/offsets.dir/./arch/arm/core/offsets/offsets.c.obj
 .debug_aranges
                0x00000000000000c8       0x48 app/libapp.a(main.c.obj)
 .debug_aranges
                0x0000000000000110       0x88 zephyr/libzephyr.a(heap.c.obj)
 .debug_aranges
                0x0000000000000198       0x50 zephyr/libzephyr.a(printk.c.obj)
 .debug_aranges
                0x00000000000001e8       0x20 zephyr/libzephyr.a(thread_entry.c.obj)
 .debug_aranges
                0x0000000000000208       0x20 zephyr/libzephyr.a(configs.c.obj)
 .debug_aranges
                0x0000000000000228       0x20 zephyr/libzephyr.a(soc_config.c.obj)
 .debug_aranges
                0x0000000000000248       0x20 zephyr/libzephyr.a(soc.c.obj)
 .debug_aranges
                0x0000000000000268       0x28 zephyr/libzephyr.a(mem_attr.c.obj)
 .debug_aranges